Component: ARM Compiler 5.05 update 1 (build 106) Tool: armlink [4d0efa]

==============================================================================

Section Cross References

    main.o(.text) refers to _printf_percent.o(.ARM.Collect$$_printf_percent$$00000000) for _printf_percent
    main.o(.text) refers to _printf_s.o(.ARM.Collect$$_printf_percent$$00000014) for _printf_s
    main.o(.text) refers to _printf_str.o(.text) for _printf_str
    main.o(.text) refers to misc.o(.text) for NVIC_PriorityGroupConfig
    main.o(.text) refers to delay.o(.text) for delay_init
    main.o(.text) refers to usart.o(.text) for uart_init
    main.o(.text) refers to led.o(.text) for LED_Init
    main.o(.text) refers to icapture.o(.text) for TIM4_Cap_Init
    main.o(.text) refers to pwm.o(.text) for TIM14_PWM_Init
    main.o(.text) refers to can1.o(.text) for CAN1_Configuration
    main.o(.text) refers to dflt_clz.o(x$fpl$dflt) for __aeabi_i2d
    main.o(.text) refers to dmul.o(x$fpl$dmul) for __aeabi_dmul
    main.o(.text) refers to daddsub_clz.o(x$fpl$dadd) for __aeabi_dadd
    main.o(.text) refers to dfixu.o(x$fpl$dfixu) for __aeabi_d2uiz
    main.o(.text) refers to stm32f4xx_tim.o(.text) for TIM_SetCompare1
    main.o(.text) refers to noretval__2printf.o(.text) for __2printf
    main.o(.text) refers to dfix.o(x$fpl$dfix) for __aeabi_d2iz
    main.o(.text) refers to main.o(.data) for signal
    main.o(.text) refers to usart.o(.bss) for Uart1_Buffer
    system_stm32f4xx.o(.text) refers to system_stm32f4xx.o(.data) for SystemCoreClock
    led.o(.text) refers to stm32f4xx_rcc.o(.text) for RCC_AHB1PeriphClockCmd
    led.o(.text) refers to stm32f4xx_gpio.o(.text) for GPIO_Init
    pwm.o(.text) refers to stm32f4xx_rcc.o(.text) for RCC_APB1PeriphClockCmd
    pwm.o(.text) refers to stm32f4xx_gpio.o(.text) for GPIO_PinAFConfig
    pwm.o(.text) refers to stm32f4xx_tim.o(.text) for TIM_TimeBaseInit
    icapture.o(.text) refers to stm32f4xx_rcc.o(.text) for RCC_APB1PeriphClockCmd
    icapture.o(.text) refers to stm32f4xx_gpio.o(.text) for GPIO_Init
    icapture.o(.text) refers to stm32f4xx_tim.o(.text) for TIM_TimeBaseInit
    icapture.o(.text) refers to misc.o(.text) for NVIC_Init
    icapture.o(.text) refers to icapture.o(.data) for TIM4CH1_CAPTURE_STA
    can1.o(.text) refers to stm32f4xx_rcc.o(.text) for RCC_AHB1PeriphClockCmd
    can1.o(.text) refers to stm32f4xx_gpio.o(.text) for GPIO_PinAFConfig
    can1.o(.text) refers to misc.o(.text) for NVIC_Init
    can1.o(.text) refers to stm32f4xx_can.o(.text) for CAN_DeInit
    can1.o(.text) refers to delay.o(.text) for delay_us
    can1.o(.text) refers to can1.o(.data) for can_tx_success_flag
    can1.o(.text) refers to can1.o(.bss) for Real_Position_Value
    delay.o(.text) refers to misc.o(.text) for SysTick_CLKSourceConfig
    delay.o(.text) refers to delay.o(.data) for fac_us
    usart.o(.rev16_text) refers (Special) to use_no_semi_2.o(.text) for __use_no_semihosting
    usart.o(.revsh_text) refers (Special) to use_no_semi_2.o(.text) for __use_no_semihosting
    usart.o(.text) refers (Special) to use_no_semi_2.o(.text) for __use_no_semihosting
    usart.o(.text) refers to _printf_percent.o(.ARM.Collect$$_printf_percent$$00000000) for _printf_percent
    usart.o(.text) refers to _printf_s.o(.ARM.Collect$$_printf_percent$$00000014) for _printf_s
    usart.o(.text) refers to _printf_str.o(.text) for _printf_str
    usart.o(.text) refers to stm32f4xx_rcc.o(.text) for RCC_AHB1PeriphClockCmd
    usart.o(.text) refers to stm32f4xx_gpio.o(.text) for GPIO_PinAFConfig
    usart.o(.text) refers to stm32f4xx_usart.o(.text) for USART_Init
    usart.o(.text) refers to misc.o(.text) for NVIC_Init
    usart.o(.text) refers to noretval__2printf.o(.text) for __2printf
    usart.o(.text) refers to usart.o(.bss) for Uart1_Buffer
    usart.o(.text) refers to usart.o(.data) for Uart1_Rx
    usart.o(.bss) refers (Special) to use_no_semi_2.o(.text) for __use_no_semihosting
    usart.o(.data) refers (Special) to use_no_semi_2.o(.text) for __use_no_semihosting
    startup_stm32f40_41xxx.o(STACK) refers (Special) to heapauxi.o(.text) for __use_two_region_memory
    startup_stm32f40_41xxx.o(HEAP) refers (Special) to heapauxi.o(.text) for __use_two_region_memory
    startup_stm32f40_41xxx.o(RESET) refers (Special) to heapauxi.o(.text) for __use_two_region_memory
    startup_stm32f40_41xxx.o(RESET) refers to startup_stm32f40_41xxx.o(STACK) for __initial_sp
    startup_stm32f40_41xxx.o(RESET) refers to startup_stm32f40_41xxx.o(.text) for Reset_Handler
    startup_stm32f40_41xxx.o(RESET) refers to stm32f4xx_it.o(.text) for NMI_Handler
    startup_stm32f40_41xxx.o(RESET) refers to can1.o(.text) for CAN1_TX_IRQHandler
    startup_stm32f40_41xxx.o(RESET) refers to icapture.o(.text) for TIM4_IRQHandler
    startup_stm32f40_41xxx.o(RESET) refers to usart.o(.text) for USART1_IRQHandler
    startup_stm32f40_41xxx.o(.text) refers (Special) to heapauxi.o(.text) for __use_two_region_memory
[...]
    sys_command.o(.text) refers (Special) to indicate_semi.o(.text) for __semihosting_library_function
    defsig_rtmem_outer.o(.text) refers to defsig_rtmem_inner.o(.text) for __rt_SIGRTMEM_inner
    defsig_rtmem_outer.o(.text) refers to defsig_exit.o(.text) for __sig_exit
    defsig_rtmem_formal.o(.text) refers to rt_raise.o(.text) for __rt_raise
    rt_raise.o(.text) refers to __raise.o(.text) for __raise
    rt_raise.o(.text) refers to usart.o(.text) for _sys_exit
    defsig_exit.o(.text) refers to usart.o(.text) for _sys_exit
    defsig_rtmem_inner.o(.text) refers to defsig_general.o(.text) for __default_signal_display
    __raise.o(.text) refers to defsig.o(CL$$defsig) for __default_signal_handler
    defsig_general.o(.text) refers to sys_wrch.o(.text) for _ttywrch
    sys_wrch.o(.text) refers (Special) to use_no_semi.o(.text) for __I$use$semihosting
    sys_wrch.o(.text) refers (Special) to indicate_semi.o(.text) for __semihosting_library_function
    defsig.o(CL$$defsig) refers to defsig_rtmem_inner.o(.text) for __rt_SIGRTMEM_inner
    defsig_abrt_inner.o(.text) refers to defsig_general.o(.text) for __default_signal_display
    defsig_fpe_inner.o(.text) refers to defsig_general.o(.text) for __default_signal_display
    defsig_rtred_inner.o(.text) refers to defsig_general.o(.text) for __default_signal_display
    defsig_stak_inner.o(.text) refers to defsig_general.o(.text) for __default_signal_display
    defsig_pvfn_inner.o(.text) refers to defsig_general.o(.text) for __default_signal_display
    defsig_cppl_inner.o(.text) refers to defsig_general.o(.text) for __default_signal_display
    defsig_segv_inner.o(.text) refers to defsig_general.o(.text) for __default_signal_display
    defsig_other.o(.text) refers to defsig_general.o(.text) for __default_signal_display


==============================================================================

Removing Unused input sections from the image.

    Removing main.o(.rev16_text), (4 bytes).
    Removing main.o(.revsh_text), (4 bytes).
    Removing stm32f4xx_it.o(.rev16_text), (4 bytes).
    Removing stm32f4xx_it.o(.revsh_text), (4 bytes).
    Removing system_stm32f4xx.o(.rev16_text), (4 bytes).
    Removing system_stm32f4xx.o(.revsh_text), (4 bytes).
    Removing led.o(.rev16_text), (4 bytes).
    Removing led.o(.revsh_text), (4 bytes).
    Removing pwm.o(.rev16_text), (4 bytes).
    Removing pwm.o(.revsh_text), (4 bytes).
    Removing icapture.o(.rev16_text), (4 bytes).
    Removing icapture.o(.revsh_text), (4 bytes).
    Removing can1.o(.rev16_text), (4 bytes).
    Removing can1.o(.revsh_text), (4 bytes).
    Removing delay.o(.rev16_text), (4 bytes).
    Removing delay.o(.revsh_text), (4 bytes).
    Removing sys.o(.rev16_text), (4 bytes).
    Removing sys.o(.revsh_text), (4 bytes).
    Removing sys.o(.emb_text), (16 bytes).
    Removing usart.o(.rev16_text), (4 bytes).
    Removing usart.o(.revsh_text), (4 bytes).
    Removing misc.o(.rev16_text), (4 bytes).
    Removing misc.o(.revsh_text), (4 bytes).
    Removing stm32f4xx_gpio.o(.rev16_text), (4 bytes).
    Removing stm32f4xx_gpio.o(.revsh_text), (4 bytes).
    Removing stm32f4xx_usart.o(.rev16_text), (4 bytes).
    Removing stm32f4xx_usart.o(.revsh_text), (4 bytes).
    Removing stm32f4xx_tim.o(.rev16_text), (4 bytes).
    Removing stm32f4xx_tim.o(.revsh_text), (4 bytes).
    Removing stm32f4xx_syscfg.o(.rev16_text), (4 bytes).
    Removing stm32f4xx_syscfg.o(.revsh_text), (4 bytes).
    Removing stm32f4xx_syscfg.o(.text), (148 bytes).
    Removing stm32f4xx_rcc.o(.rev16_text), (4 bytes).
    Removing stm32f4xx_rcc.o(.revsh_text), (4 bytes).
    Removing stm32f4xx_can.o(.rev16_text), (4 bytes).
    Removing stm32f4xx_can.o(.revsh_text), (4 bytes).

36 unused section(s) (total 300 bytes) removed from the image.

==============================================================================

Image Symbol Table

    Local Symbols

    Symbol Name                              Value     Ov Type        Size  Object(Section)

    ../clib/angel/boardlib.s                 0x00000000   Number         0  boardinit2.o ABSOLUTE
    ../clib/angel/boardlib.s                 0x00000000   Number         0  boardinit3.o ABSOLUTE
    ../clib/angel/boardlib.s                 0x00000000   Number         0  boardshut.o ABSOLUTE
    ../clib/angel/boardlib.s                 0x00000000   Number         0  boardinit1.o ABSOLUTE
    ../clib/angel/handlers.s                 0x00000000   Number         0  __scatter_copy.o ABSOLUTE
    ../clib/angel/handlers.s                 0x00000000   Number         0  __scatter_zi.o ABSOLUTE
    ../clib/angel/kernel.s                   0x00000000   Number         0  __rtentry2.o ABSOLUTE
    ../clib/angel/kernel.s                   0x00000000   Number         0  rtexit.o ABSOLUTE
    ../clib/angel/kernel.s                   0x00000000   Number         0  __rtentry4.o ABSOLUTE
    ../clib/angel/kernel.s                   0x00000000   Number         0  __rtentry.o ABSOLUTE
    ../clib/angel/kernel.s                   0x00000000   Number         0  rtexit2.o ABSOLUTE
    ../clib/angel/rt.s                       0x00000000   Number         0  rt_raise.o ABSOLUTE
    ../clib/angel/scatter.s                  0x00000000   Number         0  __scatter.o ABSOLUTE
    ../clib/angel/startup.s                  0x00000000   Number         0  __main.o ABSOLUTE
    ../clib/angel/sys.s                      0x00000000   Number         0  use_no_semi.o ABSOLUTE
    ../clib/angel/sys.s                      0x00000000   Number         0  use_no_semi_2.o ABSOLUTE
    ../clib/angel/sys.s                      0x00000000   Number         0  libspace.o ABSOLUTE
    ../clib/angel/sys.s                      0x00000000   Number         0  indicate_semi.o ABSOLUTE
    ../clib/angel/sys.s                      0x00000000   Number         0  sys_stackheap_outer.o ABSOLUTE
    ../clib/angel/sysapp.c                   0x00000000   Number         0  sys_wrch.o ABSOLUTE
    ../clib/angel/sysapp.c                   0x00000000   Number         0  sys_command.o ABSOLUTE
    ../clib/armsys.c                         0x00000000   Number         0  _get_argv_nomalloc.o ABSOLUTE
    ../clib/armsys.c                         0x00000000   Number         0  argv_veneer.o ABSOLUTE
    ../clib/armsys.c                         0x00000000   Number         0  no_argv.o ABSOLUTE
    ../clib/armsys.c                         0x00000000   Number         0  argv_veneer.o ABSOLUTE
    ../clib/heapalloc.c                      0x00000000   Number         0  hrguard.o ABSOLUTE
    ../clib/heapaux.c                        0x00000000   Number         0  heapauxi.o ABSOLUTE
    ../clib/libinit.s                        0x00000000   Number         0  libshutdown2.o ABSOLUTE
    ../clib/libinit.s                        0x00000000   Number         0  libinit2.o ABSOLUTE
    ../clib/libinit.s                        0x00000000   Number         0  libshutdown.o ABSOLUTE
    ../clib/libinit.s                        0x00000000   Number         0  libinit.o ABSOLUTE
    ../clib/printf.c                         0x00000000   Number         0  __printf.o ABSOLUTE
    ../clib/printf.c                         0x00000000   Number         0  noretval__2printf.o ABSOLUTE
    ../clib/printf.c                         0x00000000   Number         0  __2printf.o ABSOLUTE
    ../clib/printf.c                         0x00000000   Number         0  _printf_str.o ABSOLUTE
    ../clib/printf.c                         0x00000000   Number         0  _printf_char_file.o ABSOLUTE
    ../clib/printf.c                         0x00000000   Number         0  __printf_flags.o ABSOLUTE
    ../clib/printf.c                         0x00000000   Number         0  __printf_ss.o ABSOLUTE
    ../clib/printf.c                         0x00000000   Number         0  __printf_flags_ss.o ABSOLUTE
    ../clib/printf.c                         0x00000000   Number         0  __printf_wp.o ABSOLUTE
    ../clib/printf.c                         0x00000000   Number         0  __printf_flags_wp.o ABSOLUTE
    ../clib/printf.c                         0x00000000   Number         0  _printf_char.o ABSOLUTE
    ../clib/printf.c                         0x00000000   Number         0  __printf_nopercent.o ABSOLUTE
    ../clib/printf.c                         0x00000000   Number         0  __printf_ss_wp.o ABSOLUTE
    ../clib/printf.c                         0x00000000   Number         0  _printf_char_common.o ABSOLUTE
    ../clib/printf.c                         0x00000000   Number         0  __printf_flags_ss_wp.o ABSOLUTE
    ../clib/printf_percent.s                 0x00000000   Number         0  _printf_s.o ABSOLUTE
    ../clib/printf_percent.s                 0x00000000   Number         0  _printf_percent.o ABSOLUTE
    ../clib/printf_percent.s                 0x00000000   Number         0  _printf_percent_end.o ABSOLUTE
    ../clib/signal.c                         0x00000000   Number         0  defsig_segv_inner.o ABSOLUTE
    ../clib/signal.c                         0x00000000   Number         0  defsig_pvfn_inner.o ABSOLUTE
    ../clib/signal.c                         0x00000000   Number         0  defsig_stak_inner.o ABSOLUTE
    ../clib/signal.c                         0x00000000   Number         0  defsig_rtred_inner.o ABSOLUTE
    ../clib/signal.c                         0x00000000   Number         0  defsig_fpe_inner.o ABSOLUTE
    ../clib/signal.c                         0x00000000   Number         0  defsig_general.o ABSOLUTE
    ../clib/signal.c                         0x00000000   Number         0  __raise.o ABSOLUTE
    ../clib/signal.c                         0x00000000   Number         0  defsig_cppl_inner.o ABSOLUTE
    ../clib/signal.c                         0x00000000   Number         0  defsig_abrt_inner.o ABSOLUTE
    ../clib/signal.c                         0x00000000   Number         0  defsig_exit.o ABSOLUTE
    ../clib/signal.c                         0x00000000   Number         0  defsig_rtmem_outer.o ABSOLUTE
    ../clib/signal.c                         0x00000000   Number         0  defsig_rtmem_inner.o ABSOLUTE
    ../clib/signal.c                         0x00000000   Number         0  defsig_rtmem_formal.o ABSOLUTE
    ../clib/signal.c                         0x00000000   Number         0  defsig_other.o ABSOLUTE
    ../clib/signal.s                         0x00000000   Number         0  defsig.o ABSOLUTE
    ../clib/stdio.c                          0x00000000   Number         0  ferror_locked.o ABSOLUTE
    ../clib/stdio.c                          0x00000000   Number         0  ferror.o ABSOLUTE
    ../clib/stdlib.c                         0x00000000   Number         0  exit.o ABSOLUTE
    ../fplib/daddsub.s                       0x00000000   Number         0  daddsub_clz.o ABSOLUTE
    ../fplib/dfix.s                          0x00000000   Number         0  dfix.o ABSOLUTE
    ../fplib/dfixu.s                         0x00000000   Number         0  dfixu.o ABSOLUTE
    ../fplib/dflt.s                          0x00000000   Number         0  dflt_clz.o ABSOLUTE
    ../fplib/dmul.s                          0x00000000   Number         0  dmul.o ABSOLUTE
    ../fplib/dnaninf.s                       0x00000000   Number         0  dnaninf.o ABSOLUTE
    ../fplib/dretinf.s                       0x00000000   Number         0  dretinf.o ABSOLUTE
    ../fplib/fpinit.s                        0x00000000   Number         0  fpinit.o ABSOLUTE
    ../fplib/usenofp.s                       0x00000000   Number         0  usenofp.o ABSOLUTE
    ..\CORE\startup_stm32f40_41xxx.s         0x00000000   Number         0  startup_stm32f40_41xxx.o ABSOLUTE
    ..\FWLIB\src\misc.c                      0x00000000   Number         0  misc.o ABSOLUTE
    ..\FWLIB\src\stm32f4xx_can.c             0x00000000   Number         0  stm32f4xx_can.o ABSOLUTE
    ..\FWLIB\src\stm32f4xx_gpio.c            0x00000000   Number         0  stm32f4xx_gpio.o ABSOLUTE
    ..\FWLIB\src\stm32f4xx_rcc.c             0x00000000   Number         0  stm32f4xx_rcc.o ABSOLUTE
    ..\FWLIB\src\stm32f4xx_syscfg.c          0x00000000   Number         0  stm32f4xx_syscfg.o ABSOLUTE
    ..\FWLIB\src\stm32f4xx_tim.c             0x00000000   Number         0  stm32f4xx_tim.o ABSOLUTE
    ..\FWLIB\src\stm32f4xx_usart.c           0x00000000   Number         0  stm32f4xx_usart.o ABSOLUTE
    ..\HARDWARE\CAN\can1.c                   0x00000000   Number         0  can1.o ABSOLUTE
    ..\HARDWARE\ICAPTURE\icapture.c          0x00000000   Number         0  icapture.o ABSOLUTE
    ..\HARDWARE\LED\led.c                    0x00000000   Number         0  led.o ABSOLUTE
    ..\HARDWARE\PWM\pwm.c                    0x00000000   Number         0  pwm.o ABSOLUTE
    ..\SYSTEM\delay\delay.c                  0x00000000   Number         0  delay.o ABSOLUTE
    ..\SYSTEM\sys\sys.c                      0x00000000   Number         0  sys.o ABSOLUTE
    ..\SYSTEM\usart\usart.c                  0x00000000   Number         0  usart.o ABSOLUTE
    ..\\FWLIB\\src\\misc.c                   0x00000000   Number         0  misc.o ABSOLUTE
    ..\\FWLIB\\src\\stm32f4xx_can.c          0x00000000   Number         0  stm32f4xx_can.o ABSOLUTE
    ..\\FWLIB\\src\\stm32f4xx_gpio.c         0x00000000   Number         0  stm32f4xx_gpio.o ABSOLUTE
    ..\\FWLIB\\src\\stm32f4xx_rcc.c          0x00000000   Number         0  stm32f4xx_rcc.o ABSOLUTE
    ..\\FWLIB\\src\\stm32f4xx_syscfg.c       0x00000000   Number         0  stm32f4xx_syscfg.o ABSOLUTE
    ..\\FWLIB\\src\\stm32f4xx_tim.c          0x00000000   Number         0  stm32f4xx_tim.o ABSOLUTE
    ..\\FWLIB\\src\\stm32f4xx_usart.c        0x00000000   Number         0  stm32f4xx_usart.o ABSOLUTE
    ..\\HARDWARE\\CAN\\can1.c                0x00000000   Number         0  can1.o ABSOLUTE
    ..\\HARDWARE\\ICAPTURE\\icapture.c       0x00000000   Number         0  icapture.o ABSOLUTE
    ..\\HARDWARE\\LED\\led.c                 0x00000000   Number         0  led.o ABSOLUTE
    ..\\HARDWARE\\PWM\\pwm.c                 0x00000000   Number         0  pwm.o ABSOLUTE
    ..\\SYSTEM\\delay\\delay.c               0x00000000   Number         0  delay.o ABSOLUTE
    ..\\SYSTEM\\sys\\sys.c                   0x00000000   Number         0  sys.o ABSOLUTE
    ..\\SYSTEM\\usart\\usart.c               0x00000000   Number         0  usart.o ABSOLUTE
    dc.s                                     0x00000000   Number         0  dc.o ABSOLUTE
    main.c                                   0x00000000   Number         0  main.o ABSOLUTE
    main.c                                   0x00000000   Number         0  main.o ABSOLUTE
    stm32f4xx_it.c                           0x00000000   Number         0  stm32f4xx_it.o ABSOLUTE
    stm32f4xx_it.c                           0x00000000   Number         0  stm32f4xx_it.o ABSOLUTE
    system_stm32f4xx.c                       0x00000000   Number         0  system_stm32f4xx.o ABSOLUTE
    system_stm32f4xx.c                       0x00000000   Number         0  system_stm32f4xx.o ABSOLUTE
    RESET                                    0x08000000   Section      392  startup_stm32f40_41xxx.o(RESET)
    !!!main                                  0x08000188   Section        8  __main.o(!!!main)
    !!!scatter                               0x08000190   Section       52  __scatter.o(!!!scatter)
    !!handler_copy                           0x080001c4   Section       26  __scatter_copy.o(!!handler_copy)
    !!handler_zi                             0x080001e0   Section       28  __scatter_zi.o(!!handler_zi)
    .ARM.Collect$$_printf_percent$$00000000  0x080001fc   Section        0  _printf_percent.o(.ARM.Collect$$_printf_percent$$00000000)
    .ARM.Collect$$_printf_percent$$00000014  0x080001fc   Section        6  _printf_s.o(.ARM.Collect$$_printf_percent$$00000014)
    .ARM.Collect$$_printf_percent$$00000017  0x08000202   Section        4  _printf_percent_end.o(.ARM.Collect$$_printf_percent$$00000017)
    .ARM.Collect$$libinit$$00000000          0x08000206   Section        2  libinit.o(.ARM.Collect$$libinit$$00000000)
    .ARM.Collect$$libinit$$00000001          0x08000208   Section        4  libinit2.o(.ARM.Collect$$libinit$$00000001)
    .ARM.Collect$$libinit$$00000004          0x0800020c   Section        0  libinit2.o(.ARM.Collect$$libinit$$00000004)
    .ARM.Collect$$libinit$$0000000A          0x0800020c   Section        0  libinit2.o(.ARM.Collect$$libinit$$0000000A)
    .ARM.Collect$$libinit$$0000000C          0x0800020c   Section        0  libinit2.o(.ARM.Collect$$libinit$$0000000C)
    .ARM.Collect$$libinit$$0000000E          0x0800020c   Section        0  libinit2.o(.ARM.Collect$$libinit$$0000000E)
    .ARM.Collect$$libinit$$00000011          0x0800020c   Section        0  libinit2.o(.ARM.Collect$$libinit$$00000011)
    .ARM.Collect$$libinit$$00000013          0x0800020c   Section        0  libinit2.o(.ARM.Collect$$libinit$$00000013)
    .ARM.Collect$$libinit$$00000015          0x0800020c   Section        0  libinit2.o(.ARM.Collect$$libinit$$00000015)
    .ARM.Collect$$libinit$$00000017          0x0800020c   Section        0  libinit2.o(.ARM.Collect$$libinit$$00000017)
    .ARM.Collect$$libinit$$00000019          0x0800020c   Section        0  libinit2.o(.ARM.Collect$$libinit$$00000019)
    .ARM.Collect$$libinit$$0000001B          0x0800020c   Section        0  libinit2.o(.ARM.Collect$$libinit$$0000001B)
    .ARM.Collect$$libinit$$0000001D          0x0800020c   Section        0  libinit2.o(.ARM.Collect$$libinit$$0000001D)
    .ARM.Collect$$libinit$$0000001F          0x0800020c   Section        0  libinit2.o(.ARM.Collect$$libinit$$0000001F)
    .ARM.Collect$$libinit$$00000021          0x0800020c   Section        0  libinit2.o(.ARM.Collect$$libinit$$00000021)
    .ARM.Collect$$libinit$$00000023          0x0800020c   Section        0  libinit2.o(.ARM.Collect$$libinit$$00000023)
    .ARM.Collect$$libinit$$00000025          0x0800020c   Section        0  libinit2.o(.ARM.Collect$$libinit$$00000025)
    .ARM.Collect$$libinit$$0000002C          0x0800020c   Section        0  libinit2.o(.ARM.Collect$$libinit$$0000002C)
    .ARM.Collect$$libinit$$0000002E          0x0800020c   Section        0  libinit2.o(.ARM.Collect$$libinit$$0000002E)
    .ARM.Collect$$libinit$$00000030          0x0800020c   Section        0  libinit2.o(.ARM.Collect$$libinit$$00000030)
    .ARM.Collect$$libinit$$00000032          0x0800020c   Section        0  libinit2.o(.ARM.Collect$$libinit$$00000032)
    .ARM.Collect$$libinit$$00000033          0x0800020c   Section        2  libinit2.o(.ARM.Collect$$libinit$$00000033)
    .ARM.Collect$$libshutdown$$00000000      0x0800020e   Section        2  libshutdown.o(.ARM.Collect$$libshutdown$$00000000)
    .ARM.Collect$$libshutdown$$00000003      0x08000210   Section        0  libshutdown2.o(.ARM.Collect$$libshutdown$$00000003)
    .ARM.Collect$$libshutdown$$00000006      0x08000210   Section        0  libshutdown2.o(.ARM.Collect$$libshutdown$$00000006)
    .ARM.Collect$$libshutdown$$00000009      0x08000210   Section        0  libshutdown2.o(.ARM.Collect$$libshutdown$$00000009)
    .ARM.Collect$$libshutdown$$0000000B      0x08000210   Section        0  libshutdown2.o(.ARM.Collect$$libshutdown$$0000000B)
    .ARM.Collect$$libshutdown$$0000000E      0x08000210   Section        0  libshutdown2.o(.ARM.Collect$$libshutdown$$0000000E)
    .ARM.Collect$$libshutdown$$0000000F      0x08000210   Section        2  libshutdown2.o(.ARM.Collect$$libshutdown$$0000000F)
    .ARM.Collect$$rtentry$$00000000          0x08000212   Section        0  __rtentry.o(.ARM.Collect$$rtentry$$00000000)
    .ARM.Collect$$rtentry$$00000002          0x08000212   Section        0  __rtentry2.o(.ARM.Collect$$rtentry$$00000002)
    .ARM.Collect$$rtentry$$00000004          0x08000212   Section        6  __rtentry4.o(.ARM.Collect$$rtentry$$00000004)
    .ARM.Collect$$rtentry$$00000009          0x08000218   Section        0  __rtentry2.o(.ARM.Collect$$rtentry$$00000009)
    .ARM.Collect$$rtentry$$0000000A          0x08000218   Section        4  __rtentry2.o(.ARM.Collect$$rtentry$$0000000A)
    .ARM.Collect$$rtentry$$0000000C          0x0800021c   Section        0  __rtentry2.o(.ARM.Collect$$rtentry$$0000000C)
    .ARM.Collect$$rtentry$$0000000D          0x0800021c   Section        8  __rtentry2.o(.ARM.Collect$$rtentry$$0000000D)
    .ARM.Collect$$rtexit$$00000000           0x08000224   Section        2  rtexit.o(.ARM.Collect$$rtexit$$00000000)
    .ARM.Collect$$rtexit$$00000002           0x08000226   Section        0  rtexit2.o(.ARM.Collect$$rtexit$$00000002)
    .ARM.Collect$$rtexit$$00000003           0x08000226   Section        4  rtexit2.o(.ARM.Collect$$rtexit$$00000003)
    .ARM.Collect$$rtexit$$00000004           0x0800022a   Section        6  rtexit2.o(.ARM.Collect$$rtexit$$00000004)
    .text                                    0x08000230   Section        0  main.o(.text)
    .text                                    0x080003f4   Section        0  stm32f4xx_it.o(.text)
    .text                                    0x08000410   Section        0  system_stm32f4xx.o(.text)
    SetSysClock                              0x08000411   Thumb Code   220  system_stm32f4xx.o(.text)
    .text                                    0x08000620   Section        0  led.o(.text)
    .text                                    0x080006a8   Section        0  pwm.o(.text)
    .text                                    0x080007e8   Section        0  icapture.o(.text)
    .text                                    0x08000ce4   Section        0  can1.o(.text)
    .text                                    0x080016e4   Section        0  delay.o(.text)
    .text                                    0x080017e8   Section        0  usart.o(.text)
    .text                                    0x08001934   Section       64  startup_stm32f40_41xxx.o(.text)
    $v0                                      0x08001934   Number         0  startup_stm32f40_41xxx.o(.text)
    .text                                    0x08001974   Section        0  misc.o(.text)
    .text                                    0x08001a54   Section        0  stm32f4xx_gpio.o(.text)
    .text                                    0x08001ce8   Section        0  stm32f4xx_usart.o(.text)
    .text                                    0x0800213c   Section        0  stm32f4xx_tim.o(.text)
    TI4_Config                               0x080028db   Thumb Code    80  stm32f4xx_tim.o(.text)
    TI3_Config                               0x0800293d   Thumb Code    72  stm32f4xx_tim.o(.text)
    TI2_Config                               0x0800299f   Thumb Code    90  stm32f4xx_tim.o(.text)
    TI1_Config                               0x08002a0b   Thumb Code    58  stm32f4xx_tim.o(.text)
    .text                                    0x08002de0   Section        0  stm32f4xx_rcc.o(.text)
    .text                                    0x0800343c   Section        0  stm32f4xx_can.o(.text)
    CheckITStatus                            0x08003c3f   Thumb Code    18  stm32f4xx_can.o(.text)
    .text                                    0x08003e2c   Section        2  use_no_semi_2.o(.text)
    .text                                    0x08003e30   Section        0  noretval__2printf.o(.text)
    .text                                    0x08003e48   Section        0  __printf.o(.text)
    .text                                    0x08003eb0   Section        0  _printf_str.o(.text)
    .text                                    0x08003f02   Section        0  heapauxi.o(.text)
    .text                                    0x08003f08   Section        2  use_no_semi.o(.text)
    .text                                    0x08003f0a   Section        0  _printf_char.o(.text)
    .text                                    0x08003f38   Section        0  _printf_char_file.o(.text)
    .text                                    0x08003f5c   Section        0  _printf_char_common.o(.text)
    _printf_input_char                       0x08003f5d   Thumb Code    10  _printf_char_common.o(.text)
    .text                                    0x08003f8c   Section        0  ferror.o(.text)
    .text                                    0x08003f94   Section       74  sys_stackheap_outer.o(.text)
    .text                                    0x08003fde   Section        0  exit.o(.text)
    .text                                    0x08003fec   Section        8  libspace.o(.text)
    x$fpl$dadd                               0x08003ff4   Section      336  daddsub_clz.o(x$fpl$dadd)
    $v0                                      0x08003ff4   Number         0  daddsub_clz.o(x$fpl$dadd)
    _dadd1                                   0x08004005   Thumb Code     0  daddsub_clz.o(x$fpl$dadd)
    x$fpl$dfix                               0x08004144   Section       94  dfix.o(x$fpl$dfix)
    $v0                                      0x08004144   Number         0  dfix.o(x$fpl$dfix)
    x$fpl$dfixu                              0x080041a4   Section       90  dfixu.o(x$fpl$dfixu)
    $v0                                      0x080041a4   Number         0  dfixu.o(x$fpl$dfixu)
    x$fpl$dflt                               0x080041fe   Section       46  dflt_clz.o(x$fpl$dflt)
    $v0                                      0x080041fe   Number         0  dflt_clz.o(x$fpl$dflt)
    x$fpl$dmul                               0x0800422c   Section      340  dmul.o(x$fpl$dmul)
    $v0                                      0x0800422c   Number         0  dmul.o(x$fpl$dmul)
    x$fpl$dnaninf                            0x08004380   Section      156  dnaninf.o(x$fpl$dnaninf)
    $v0                                      0x08004380   Number         0  dnaninf.o(x$fpl$dnaninf)
    x$fpl$dretinf                            0x0800441c   Section       12  dretinf.o(x$fpl$dretinf)
    $v0                                      0x0800441c   Number         0  dretinf.o(x$fpl$dretinf)
    x$fpl$dsub                               0x08004428   Section      468  daddsub_clz.o(x$fpl$dsub)
    $v0                                      0x08004428   Number         0  daddsub_clz.o(x$fpl$dsub)
    _dsub1                                   0x08004439   Thumb Code     0  daddsub_clz.o(x$fpl$dsub)
    x$fpl$fpinit                             0x080045fc   Section       10  fpinit.o(x$fpl$fpinit)
    $v0                                      0x080045fc   Number         0  fpinit.o(x$fpl$fpinit)
    x$fpl$usenofp                            0x08004606   Section        0  usenofp.o(x$fpl$usenofp)
    .data                                    0x20000000   Section        8  main.o(.data)
    .data                                    0x20000008   Section       20  system_stm32f4xx.o(.data)
    .data                                    0x2000001c   Section       28  icapture.o(.data)
    temp_f                                   0x20000030   Data           8  icapture.o(.data)
    .data                                    0x20000038   Section       30  can1.o(.data)
    .data                                    0x20000056   Section        4  delay.o(.data)
    fac_us                                   0x20000056   Data           1  delay.o(.data)
    fac_ms                                   0x20000058   Data           2  delay.o(.data)
    .data                                    0x2000005c   Section       12  usart.o(.data)
    .data                                    0x20000068   Section       16  stm32f4xx_rcc.o(.data)
    APBAHBPrescTable                         0x20000068   Data          16  stm32f4xx_rcc.o(.data)
    .bss                                     0x20000078   Section       16  can1.o(.bss)
    .bss                                     0x20000088   Section      240  usart.o(.bss)
    .bss                                     0x20000178   Section       96  libspace.o(.bss)
    HEAP                                     0x200001d8   Section      512  startup_stm32f40_41xxx.o(HEAP)
    Heap_Mem                                 0x200001d8   Data         512  startup_stm32f40_41xxx.o(HEAP)
    STACK                                    0x200003d8   Section     1024  startup_stm32f40_41xxx.o(STACK)
    Stack_Mem                                0x200003d8   Data        1024  startup_stm32f40_41xxx.o(STACK)
    __initial_sp                             0x200007d8   Data           0  startup_stm32f40_41xxx.o(STACK)

    Global Symbols

    Symbol Name                              Value     Ov Type        Size  Object(Section)

    BuildAttributes$$THM_ISAv4$E$P$D$K$B$S$7EM$VFPi3$EXTD16$VFPS$VFMA$PE$A:L22UL41UL21$X:L11$S22US41US21$IEEE1$IW$USESV6$~STKCKD$USESV7$~SHL$OSPACE$ROPI$EBA8$UX$STANDARDLIB$REQ8$PRES8$EABIv2 0x00000000   Number         0  anon$$obj.o ABSOLUTE
    __ARM_use_no_argv                        0x00000000   Number         0  main.o ABSOLUTE
    __ARM_exceptions_init                     - Undefined Weak Reference
    __alloca_initialize                       - Undefined Weak Reference
    __arm_preinit_                            - Undefined Weak Reference
    __cpp_initialize__aeabi_                  - Undefined Weak Reference
    __cxa_finalize                            - Undefined Weak Reference
    __rt_locale                               - Undefined Weak Reference
    __sigvec_lookup                           - Undefined Weak Reference
    _atexit_init                              - Undefined Weak Reference
    _call_atexit_fns                          - Undefined Weak Reference
    _clock_init                               - Undefined Weak Reference
    _fp_trap_init                             - Undefined Weak Reference
    _fp_trap_shutdown                         - Undefined Weak Reference
    _get_lc_collate                           - Undefined Weak Reference
    _get_lc_ctype                             - Undefined Weak Reference
    _get_lc_monetary                          - Undefined Weak Reference
    _get_lc_numeric                           - Undefined Weak Reference
    _get_lc_time                              - Undefined Weak Reference
    _getenv_init                              - Undefined Weak Reference
    _handle_redirection                       - Undefined Weak Reference
    _init_alloc                               - Undefined Weak Reference
    _init_user_alloc                          - Undefined Weak Reference
    _initio                                   - Undefined Weak Reference
    _mutex_acquire                            - Undefined Weak Reference
    _mutex_release                            - Undefined Weak Reference
    _printf_mbtowc                            - Undefined Weak Reference
    _printf_post_padding                      - Undefined Weak Reference
    _printf_pre_padding                       - Undefined Weak Reference
    _rand_init                                - Undefined Weak Reference
    _signal_finish                            - Undefined Weak Reference
    _signal_init                              - Undefined Weak Reference
    _terminate_alloc                          - Undefined Weak Reference
    _terminate_user_alloc                     - Undefined Weak Reference
    _terminateio                              - Undefined Weak Reference
    __Vectors_Size                           0x00000188   Number         0  startup_stm32f40_41xxx.o ABSOLUTE
    __Vectors                                0x08000000   Data           4  startup_stm32f40_41xxx.o(RESET)
    __Vectors_End                            0x08000188   Data           0  startup_stm32f40_41xxx.o(RESET)
    __main                                   0x08000189   Thumb Code     8  __main.o(!!!main)
    __scatterload                            0x08000191   Thumb Code     0  __scatter.o(!!!scatter)
    __scatterload_rt2                        0x08000191   Thumb Code    44  __scatter.o(!!!scatter)
    __scatterload_rt2_thumb_only             0x08000191   Thumb Code     0  __scatter.o(!!!scatter)
    __scatterload_null                       0x0800019f   Thumb Code     0  __scatter.o(!!!scatter)
    __scatterload_copy                       0x080001c5   Thumb Code    26  __scatter_copy.o(!!handler_copy)
    __scatterload_zeroinit                   0x080001e1   Thumb Code    28  __scatter_zi.o(!!handler_zi)
    _printf_percent                          0x080001fd   Thumb Code     0  _printf_percent.o(.ARM.Collect$$_printf_percent$$00000000)
    _printf_s                                0x080001fd   Thumb Code     0  _printf_s.o(.ARM.Collect$$_printf_percent$$00000014)
    _printf_percent_end                      0x08000203   Thumb Code     0  _printf_percent_end.o(.ARM.Collect$$_printf_percent$$00000017)
    __rt_lib_init                            0x08000207   Thumb Code     0  libinit.o(.ARM.Collect$$libinit$$00000000)
    __rt_lib_init_fp_1                       0x08000209   Thumb Code     0  libinit2.o(.ARM.Collect$$libinit$$00000001)
    __rt_lib_init_alloca_1                   0x0800020d   Thumb Code     0  libinit2.o(.ARM.Collect$$libinit$$0000002E)
    __rt_lib_init_argv_1                     0x0800020d   Thumb Code     0  libinit2.o(.ARM.Collect$$libinit$$0000002C)
    __rt_lib_init_atexit_1                   0x0800020d   Thumb Code     0  libinit2.o(.ARM.Collect$$libinit$$0000001B)
    __rt_lib_init_clock_1                    0x0800020d   Thumb Code     0  libinit2.o(.ARM.Collect$$libinit$$00000021)
    __rt_lib_init_cpp_1                      0x0800020d   Thumb Code     0  libinit2.o(.ARM.Collect$$libinit$$00000032)
    __rt_lib_init_exceptions_1               0x0800020d   Thumb Code     0  libinit2.o(.ARM.Collect$$libinit$$00000030)
    __rt_lib_init_fp_trap_1                  0x0800020d   Thumb Code     0  libinit2.o(.ARM.Collect$$libinit$$0000001F)
    __rt_lib_init_getenv_1                   0x0800020d   Thumb Code     0  libinit2.o(.ARM.Collect$$libinit$$00000023)
    __rt_lib_init_heap_1                     0x0800020d   Thumb Code     0  libinit2.o(.ARM.Collect$$libinit$$0000000A)
    __rt_lib_init_lc_collate_1               0x0800020d   Thumb Code     0  libinit2.o(.ARM.Collect$$libinit$$00000011)
    __rt_lib_init_lc_ctype_1                 0x0800020d   Thumb Code     0  libinit2.o(.ARM.Collect$$libinit$$00000013)
    __rt_lib_init_lc_monetary_1              0x0800020d   Thumb Code     0  libinit2.o(.ARM.Collect$$libinit$$00000015)
    __rt_lib_init_lc_numeric_1               0x0800020d   Thumb Code     0  libinit2.o(.ARM.Collect$$libinit$$00000017)
    __rt_lib_init_lc_time_1                  0x0800020d   Thumb Code     0  libinit2.o(.ARM.Collect$$libinit$$00000019)
    __rt_lib_init_preinit_1                  0x0800020d   Thumb Code     0  libinit2.o(.ARM.Collect$$libinit$$00000004)
    __rt_lib_init_rand_1                     0x0800020d   Thumb Code     0  libinit2.o(.ARM.Collect$$libinit$$0000000E)
    __rt_lib_init_return                     0x0800020d   Thumb Code     0  libinit2.o(.ARM.Collect$$libinit$$00000033)
    __rt_lib_init_signal_1                   0x0800020d   Thumb Code     0  libinit2.o(.ARM.Collect$$libinit$$0000001D)
    __rt_lib_init_stdio_1                    0x0800020d   Thumb Code     0  libinit2.o(.ARM.Collect$$libinit$$00000025)
    __rt_lib_init_user_alloc_1               0x0800020d   Thumb Code     0  libinit2.o(.ARM.Collect$$libinit$$0000000C)
    __rt_lib_shutdown                        0x0800020f   Thumb Code     0  libshutdown.o(.ARM.Collect$$libshutdown$$00000000)
    __rt_lib_shutdown_fp_trap_1              0x08000211   Thumb Code     0  libshutdown2.o(.ARM.Collect$$libshutdown$$00000006)
    __rt_lib_shutdown_heap_1                 0x08000211   Thumb Code     0  libshutdown2.o(.ARM.Collect$$libshutdown$$0000000E)
    __rt_lib_shutdown_return                 0x08000211   Thumb Code     0  libshutdown2.o(.ARM.Collect$$libshutdown$$0000000F)
    __rt_lib_shutdown_signal_1               0x08000211   Thumb Code     0  libshutdown2.o(.ARM.Collect$$libshutdown$$00000009)
    __rt_lib_shutdown_stdio_1                0x08000211   Thumb Code     0  libshutdown2.o(.ARM.Collect$$libshutdown$$00000003)
    __rt_lib_shutdown_user_alloc_1           0x08000211   Thumb Code     0  libshutdown2.o(.ARM.Collect$$libshutdown$$0000000B)
    __rt_entry                               0x08000213   Thumb Code     0  __rtentry.o(.ARM.Collect$$rtentry$$00000000)
    __rt_entry_presh_1                       0x08000213   Thumb Code     0  __rtentry2.o(.ARM.Collect$$rtentry$$00000002)
    __rt_entry_sh                            0x08000213   Thumb Code     0  __rtentry4.o(.ARM.Collect$$rtentry$$00000004)
    __rt_entry_li                            0x08000219   Thumb Code     0  __rtentry2.o(.ARM.Collect$$rtentry$$0000000A)
    __rt_entry_postsh_1                      0x08000219   Thumb Code     0  __rtentry2.o(.ARM.Collect$$rtentry$$00000009)
    __rt_entry_main                          0x0800021d   Thumb Code     0  __rtentry2.o(.ARM.Collect$$rtentry$$0000000D)
    __rt_entry_postli_1                      0x0800021d   Thumb Code     0  __rtentry2.o(.ARM.Collect$$rtentry$$0000000C)
    __rt_exit                                0x08000225   Thumb Code     0  rtexit.o(.ARM.Collect$$rtexit$$00000000)
    __rt_exit_ls                             0x08000227   Thumb Code     0  rtexit2.o(.ARM.Collect$$rtexit$$00000003)
    __rt_exit_prels_1                        0x08000227   Thumb Code     0  rtexit2.o(.ARM.Collect$$rtexit$$00000002)
    __rt_exit_exit                           0x0800022b   Thumb Code     0  rtexit2.o(.ARM.Collect$$rtexit$$00000004)
    main                                     0x08000231   Thumb Code   388  main.o(.text)
    NMI_Handler                              0x080003f5   Thumb Code     2  stm32f4xx_it.o(.text)
    HardFault_Handler                        0x080003f7   Thumb Code     4  stm32f4xx_it.o(.text)
    MemManage_Handler                        0x080003fb   Thumb Code     4  stm32f4xx_it.o(.text)
    BusFault_Handler                         0x080003ff   Thumb Code     4  stm32f4xx_it.o(.text)
    UsageFault_Handler                       0x08000403   Thumb Code     4  stm32f4xx_it.o(.text)
    SVC_Handler                              0x08000407   Thumb Code     2  stm32f4xx_it.o(.text)
    DebugMon_Handler                         0x08000409   Thumb Code     2  stm32f4xx_it.o(.text)
    PendSV_Handler                           0x0800040b   Thumb Code     2  stm32f4xx_it.o(.text)
    SysTick_Handler                          0x0800040d   Thumb Code     2  stm32f4xx_it.o(.text)
    SystemInit                               0x080004ed   Thumb Code    88  system_stm32f4xx.o(.text)
    SystemCoreClockUpdate                    0x08000545   Thumb Code   174  system_stm32f4xx.o(.text)
    LED_Init                                 0x08000621   Thumb Code    60  led.o(.text)
    GPIO_Digital_Init                        0x0800065d   Thumb Code    56  led.o(.text)
    abs                                      0x08000695   Thumb Code    12  led.o(.text)
    TIM14_PWM_Init                           0x080006a9   Thumb Code   152  pwm.o(.text)
    TIM3_PWM_Init                            0x08000741   Thumb Code   150  pwm.o(.text)
    TIM4_Cap_Init                            0x080007e9   Thumb Code   254  icapture.o(.text)
    TIM4_IRQHandler                          0x080008e7   Thumb Code   674  icapture.o(.text)
    input_capture                            0x08000b89   Thumb Code   336  icapture.o(.text)
    CAN1_Configuration                       0x08000ce5   Thumb Code   262  can1.o(.text)
    CAN1_TX_IRQHandler                       0x08000deb   Thumb Code    28  can1.o(.text)
    CAN_RoboModule_DRV_Reset                 0x08000e07   Thumb Code   110  can1.o(.text)
    CAN_RoboModule_DRV_Mode_Choice           0x08000e75   Thumb Code   110  can1.o(.text)
    CAN_RoboModule_DRV_OpenLoop_Mode         0x08000ee3   Thumb Code   134  can1.o(.text)
    CAN_RoboModule_DRV_Current_Mode          0x08000f69   Thumb Code   158  can1.o(.text)
    CAN_RoboModule_DRV_Velocity_Mode         0x08001007   Thumb Code   158  can1.o(.text)
    CAN_RoboModule_DRV_Position_Mode         0x080010a5   Thumb Code   180  can1.o(.text)
    CAN_RoboModule_DRV_Velocity_Position_Mode 0x08001159   Thumb Code   186  can1.o(.text)
    CAN_RoboModule_DRV_Current_Velocity_Mode 0x08001213   Thumb Code   138  can1.o(.text)
    CAN_RoboModule_DRV_Current_Position_Mode 0x0800129d   Thumb Code   142  can1.o(.text)
    CAN_RoboModule_DRV_Current_Velocity_Position_Mode 0x0800132b   Thumb Code   166  can1.o(.text)
    CAN_RoboModule_DRV_Config                0x080013d1   Thumb Code   124  can1.o(.text)
    CAN_RoboModule_DRV_Online_Check          0x0800144d   Thumb Code   110  can1.o(.text)
    CAN1_RX0_IRQHandler                      0x080014bb   Thumb Code   530  can1.o(.text)
    delay_init                               0x080016e5   Thumb Code    52  delay.o(.text)
    delay_us                                 0x08001719   Thumb Code    72  delay.o(.text)
    delay_xms                                0x08001761   Thumb Code    72  delay.o(.text)
    delay_ms                                 0x080017a9   Thumb Code    56  delay.o(.text)
    _sys_exit                                0x080017e9   Thumb Code     4  usart.o(.text)
    fputc                                    0x080017ed   Thumb Code    22  usart.o(.text)
    uart_init                                0x08001803   Thumb Code   164  usart.o(.text)
    USART1_IRQHandler                        0x080018a7   Thumb Code   116  usart.o(.text)
    Reset_Handler                            0x08001935   Thumb Code     8  startup_stm32f40_41xxx.o(.text)
    ADC_IRQHandler                           0x0800194f   Thumb Code     0  startup_stm32f40_41xxx.o(.text)
    CAN1_RX1_IRQHandler                      0x0800194f   Thumb Code     0  startup_stm32f40_41xxx.o(.text)
    CAN1_SCE_IRQHandler                      0x0800194f   Thumb Code     0  startup_stm32f40_41xxx.o(.text)
    CAN2_RX0_IRQHandler                      0x0800194f   Thumb Code     0  startup_stm32f40_41xxx.o(.text)
    CAN2_RX1_IRQHandler                      0x0800194f   Thumb Code     0  startup_stm32f40_41xxx.o(.text)
    CAN2_SCE_IRQHandler                      0x0800194f   Thumb Code     0  startup_stm32f40_41xxx.o(.text)
    CAN2_TX_IRQHandler                       0x0800194f   Thumb Code     0  startup_stm32f40_41xxx.o(.text)
    CRYP_IRQHandler                          0x0800194f   Thumb Code     0  startup_stm32f40_41xxx.o(.text)
    DCMI_IRQHandler                          0x0800194f   Thumb Code     0  startup_stm32f40_41xxx.o(.text)
    DMA1_Stream0_IRQHandler                  0x0800194f   Thumb Code     0  startup_stm32f40_41xxx.o(.text)
    DMA1_Stream1_IRQHandler                  0x0800194f   Thumb Code     0  startup_stm32f40_41xxx.o(.text)
    DMA1_Stream2_IRQHandler                  0x0800194f   Thumb Code     0  startup_stm32f40_41xxx.o(.text)
    DMA1_Stream3_IRQHandler                  0x0800194f   Thumb Code     0  startup_stm32f40_41xxx.o(.text)
    DMA1_Stream4_IRQHandler                  0x0800194f   Thumb Code     0  startup_stm32f40_41xxx.o(.text)
    DMA1_Stream5_IRQHandler                  0x0800194f   Thumb Code     0  startup_stm32f40_41xxx.o(.text)
    DMA1_Stream6_IRQHandler                  0x0800194f   Thumb Code     0  startup_stm32f40_41xxx.o(.text)
    DMA1_Stream7_IRQHandler                  0x0800194f   Thumb Code     0  startup_stm32f40_41xxx.o(.text)
    DMA2_Stream0_IRQHandler                  0x0800194f   Thumb Code     0  startup_stm32f40_41xxx.o(.text)
    DMA2_Stream1_IRQHandler                  0x0800194f   Thumb Code     0  startup_stm32f40_41xxx.o(.text)
    DMA2_Stream2_IRQHandler                  0x0800194f   Thumb Code     0  startup_stm32f40_41xxx.o(.text)
    DMA2_Stream3_IRQHandler                  0x0800194f   Thumb Code     0  startup_stm32f40_41xxx.o(.text)
    DMA2_Stream4_IRQHandler                  0x0800194f   Thumb Code     0  startup_stm32f40_41xxx.o(.text)
    DMA2_Stream5_IRQHandler                  0x0800194f   Thumb Code     0  startup_stm32f40_41xxx.o(.text)
    DMA2_Stream6_IRQHandler                  0x0800194f   Thumb Code     0  startup_stm32f40_41xxx.o(.text)
    DMA2_Stream7_IRQHandler                  0x0800194f   Thumb Code     0  startup_stm32f40_41xxx.o(.text)
    ETH_IRQHandler                           0x0800194f   Thumb Code     0  startup_stm32f40_41xxx.o(.text)
    ETH_WKUP_IRQHandler                      0x0800194f   Thumb Code     0  startup_stm32f40_41xxx.o(.text)
    EXTI0_IRQHandler                         0x0800194f   Thumb Code     0  startup_stm32f40_41xxx.o(.text)
    EXTI15_10_IRQHandler                     0x0800194f   Thumb Code     0  startup_stm32f40_41xxx.o(.text)
    EXTI1_IRQHandler                         0x0800194f   Thumb Code     0  startup_stm32f40_41xxx.o(.text)
    EXTI2_IRQHandler                         0x0800194f   Thumb Code     0  startup_stm32f40_41xxx.o(.text)
    EXTI3_IRQHandler                         0x0800194f   Thumb Code     0  startup_stm32f40_41xxx.o(.text)
    EXTI4_IRQHandler                         0x0800194f   Thumb Code     0  startup_stm32f40_41xxx.o(.text)
    EXTI9_5_IRQHandler                       0x0800194f   Thumb Code     0  startup_stm32f40_41xxx.o(.text)
    FLASH_IRQHandler                         0x0800194f   Thumb Code     0  startup_stm32f40_41xxx.o(.text)
    FPU_IRQHandler                           0x0800194f   Thumb Code     0  startup_stm32f40_41xxx.o(.text)
    FSMC_IRQHandler                          0x0800194f   Thumb Code     0  startup_stm32f40_41xxx.o(.text)
    HASH_RNG_IRQHandler                      0x0800194f   Thumb Code     0  startup_stm32f40_41xxx.o(.text)
    I2C1_ER_IRQHandler                       0x0800194f   Thumb Code     0  startup_stm32f40_41xxx.o(.text)
    I2C1_EV_IRQHandler                       0x0800194f   Thumb Code     0  startup_stm32f40_41xxx.o(.text)
    I2C2_ER_IRQHandler                       0x0800194f   Thumb Code     0  startup_stm32f40_41xxx.o(.text)
    I2C2_EV_IRQHandler                       0x0800194f   Thumb Code     0  startup_stm32f40_41xxx.o(.text)
    I2C3_ER_IRQHandler                       0x0800194f   Thumb Code     0  startup_stm32f40_41xxx.o(.text)
    I2C3_EV_IRQHandler                       0x0800194f   Thumb Code     0  startup_stm32f40_41xxx.o(.text)
    OTG_FS_IRQHandler                        0x0800194f   Thumb Code     0  startup_stm32f40_41xxx.o(.text)
    OTG_FS_WKUP_IRQHandler                   0x0800194f   Thumb Code     0  startup_stm32f40_41xxx.o(.text)
    OTG_HS_EP1_IN_IRQHandler                 0x0800194f   Thumb Code     0  startup_stm32f40_41xxx.o(.text)
    OTG_HS_EP1_OUT_IRQHandler                0x0800194f   Thumb Code     0  startup_stm32f40_41xxx.o(.text)
    OTG_HS_IRQHandler                        0x0800194f   Thumb Code     0  startup_stm32f40_41xxx.o(.text)
    OTG_HS_WKUP_IRQHandler                   0x0800194f   Thumb Code     0  startup_stm32f40_41xxx.o(.text)
    PVD_IRQHandler                           0x0800194f   Thumb Code     0  startup_stm32f40_41xxx.o(.text)
    RCC_IRQHandler                           0x0800194f   Thumb Code     0  startup_stm32f40_41xxx.o(.text)
    RTC_Alarm_IRQHandler                     0x0800194f   Thumb Code     0  startup_stm32f40_41xxx.o(.text)
    RTC_WKUP_IRQHandler                      0x0800194f   Thumb Code     0  startup_stm32f40_41xxx.o(.text)
    SDIO_IRQHandler                          0x0800194f   Thumb Code     0  startup_stm32f40_41xxx.o(.text)
    SPI1_IRQHandler                          0x0800194f   Thumb Code     0  startup_stm32f40_41xxx.o(.text)
    SPI2_IRQHandler                          0x0800194f   Thumb Code     0  startup_stm32f40_41xxx.o(.text)
    SPI3_IRQHandler                          0x0800194f   Thumb Code     0  startup_stm32f40_41xxx.o(.text)
    TAMP_STAMP_IRQHandler                    0x0800194f   Thumb Code     0  startup_stm32f40_41xxx.o(.text)
    TIM1_BRK_TIM9_IRQHandler                 0x0800194f   Thumb Code     0  startup_stm32f40_41xxx.o(.text)
    TIM1_CC_IRQHandler                       0x0800194f   Thumb Code     0  startup_stm32f40_41xxx.o(.text)
    TIM1_TRG_COM_TIM11_IRQHandler            0x0800194f   Thumb Code     0  startup_stm32f40_41xxx.o(.text)
    TIM1_UP_TIM10_IRQHandler                 0x0800194f   Thumb Code     0  startup_stm32f40_41xxx.o(.text)
    TIM2_IRQHandler                          0x0800194f   Thumb Code     0  startup_stm32f40_41xxx.o(.text)
    TIM3_IRQHandler                          0x0800194f   Thumb Code     0  startup_stm32f40_41xxx.o(.text)
    TIM5_IRQHandler                          0x0800194f   Thumb Code     0  startup_stm32f40_41xxx.o(.text)
    TIM6_DAC_IRQHandler                      0x0800194f   Thumb Code     0  startup_stm32f40_41xxx.o(.text)
    TIM7_IRQHandler                          0x0800194f   Thumb Code     0  startup_stm32f40_41xxx.o(.text)
    TIM8_BRK_TIM12_IRQHandler                0x0800194f   Thumb Code     0  startup_stm32f40_41xxx.o(.text)
    TIM8_CC_IRQHandler                       0x0800194f   Thumb Code     0  startup_stm32f40_41xxx.o(.text)
    TIM8_TRG_COM_TIM14_IRQHandler            0x0800194f   Thumb Code     0  startup_stm32f40_41xxx.o(.text)
    TIM8_UP_TIM13_IRQHandler                 0x0800194f   Thumb Code     0  startup_stm32f40_41xxx.o(.text)
    UART4_IRQHandler                         0x0800194f   Thumb Code     0  startup_stm32f40_41xxx.o(.text)
    UART5_IRQHandler                         0x0800194f   Thumb Code     0  startup_stm32f40_41xxx.o(.text)
    USART2_IRQHandler                        0x0800194f   Thumb Code     0  startup_stm32f40_41xxx.o(.text)
    USART3_IRQHandler                        0x0800194f   Thumb Code     0  startup_stm32f40_41xxx.o(.text)
    USART6_IRQHandler                        0x0800194f   Thumb Code     0  startup_stm32f40_41xxx.o(.text)
    WWDG_IRQHandler                          0x0800194f   Thumb Code     0  startup_stm32f40_41xxx.o(.text)
    __user_initial_stackheap                 0x08001951   Thumb Code     0  startup_stm32f40_41xxx.o(.text)
    NVIC_PriorityGroupConfig                 0x08001975   Thumb Code    10  misc.o(.text)
    NVIC_Init                                0x0800197f   Thumb Code   106  misc.o(.text)
    NVIC_SetVectorTable                      0x080019e9   Thumb Code    14  misc.o(.text)
    NVIC_SystemLPConfig                      0x080019f7   Thumb Code    34  misc.o(.text)
    SysTick_CLKSourceConfig                  0x08001a19   Thumb Code    40  misc.o(.text)
    GPIO_DeInit                              0x08001a55   Thumb Code   268  stm32f4xx_gpio.o(.text)
    GPIO_Init                                0x08001b61   Thumb Code   144  stm32f4xx_gpio.o(.text)
    GPIO_StructInit                          0x08001bf1   Thumb Code    18  stm32f4xx_gpio.o(.text)
    GPIO_PinLockConfig                       0x08001c03   Thumb Code    34  stm32f4xx_gpio.o(.text)
    GPIO_ReadInputDataBit                    0x08001c25   Thumb Code    18  stm32f4xx_gpio.o(.text)
    GPIO_ReadInputData                       0x08001c37   Thumb Code     8  stm32f4xx_gpio.o(.text)
    GPIO_ReadOutputDataBit                   0x08001c3f   Thumb Code    18  stm32f4xx_gpio.o(.text)
    GPIO_ReadOutputData                      0x08001c51   Thumb Code     8  stm32f4xx_gpio.o(.text)
    GPIO_SetBits                             0x08001c59   Thumb Code     4  stm32f4xx_gpio.o(.text)
    GPIO_ResetBits                           0x08001c5d   Thumb Code     4  stm32f4xx_gpio.o(.text)
    GPIO_WriteBit                            0x08001c61   Thumb Code    10  stm32f4xx_gpio.o(.text)
    GPIO_Write                               0x08001c6b   Thumb Code     4  stm32f4xx_gpio.o(.text)
    GPIO_ToggleBits                          0x08001c6f   Thumb Code     8  stm32f4xx_gpio.o(.text)
    GPIO_PinAFConfig                         0x08001c77   Thumb Code    70  stm32f4xx_gpio.o(.text)
    USART_DeInit                             0x08001ce9   Thumb Code   206  stm32f4xx_usart.o(.text)
    USART_Init                               0x08001db7   Thumb Code   204  stm32f4xx_usart.o(.text)
    USART_StructInit                         0x08001e83   Thumb Code    24  stm32f4xx_usart.o(.text)
    USART_ClockInit                          0x08001e9b   Thumb Code    32  stm32f4xx_usart.o(.text)
    USART_ClockStructInit                    0x08001ebb   Thumb Code    12  stm32f4xx_usart.o(.text)
    USART_Cmd                                0x08001ec7   Thumb Code    24  stm32f4xx_usart.o(.text)
    USART_SetPrescaler                       0x08001edf   Thumb Code    16  stm32f4xx_usart.o(.text)
    USART_OverSampling8Cmd                   0x08001eef   Thumb Code    22  stm32f4xx_usart.o(.text)
    USART_OneBitMethodCmd                    0x08001f05   Thumb Code    24  stm32f4xx_usart.o(.text)
    USART_SendData                           0x08001f1d   Thumb Code     8  stm32f4xx_usart.o(.text)
    USART_ReceiveData                        0x08001f25   Thumb Code    10  stm32f4xx_usart.o(.text)
    USART_SetAddress                         0x08001f2f   Thumb Code    18  stm32f4xx_usart.o(.text)
    USART_ReceiverWakeUpCmd                  0x08001f41   Thumb Code    24  stm32f4xx_usart.o(.text)
    USART_WakeUpConfig                       0x08001f59   Thumb Code    18  stm32f4xx_usart.o(.text)
    USART_LINBreakDetectLengthConfig         0x08001f6b   Thumb Code    18  stm32f4xx_usart.o(.text)
    USART_LINCmd                             0x08001f7d   Thumb Code    24  stm32f4xx_usart.o(.text)
    USART_SendBreak                          0x08001f95   Thumb Code    10  stm32f4xx_usart.o(.text)
    USART_HalfDuplexCmd                      0x08001f9f   Thumb Code    24  stm32f4xx_usart.o(.text)
    USART_SetGuardTime                       0x08001fb7   Thumb Code    16  stm32f4xx_usart.o(.text)
    USART_SmartCardCmd                       0x08001fc7   Thumb Code    24  stm32f4xx_usart.o(.text)
    USART_SmartCardNACKCmd                   0x08001fdf   Thumb Code    24  stm32f4xx_usart.o(.text)
    USART_IrDAConfig                         0x08001ff7   Thumb Code    18  stm32f4xx_usart.o(.text)
    USART_IrDACmd                            0x08002009   Thumb Code    24  stm32f4xx_usart.o(.text)
    USART_DMACmd                             0x08002021   Thumb Code    18  stm32f4xx_usart.o(.text)
    USART_ITConfig                           0x08002033   Thumb Code    74  stm32f4xx_usart.o(.text)
    USART_GetFlagStatus                      0x0800207d   Thumb Code    26  stm32f4xx_usart.o(.text)
    USART_ClearFlag                          0x08002097   Thumb Code    18  stm32f4xx_usart.o(.text)
    USART_GetITStatus                        0x080020a9   Thumb Code   118  stm32f4xx_usart.o(.text)
    USART_ClearITPendingBit                  0x0800211f   Thumb Code    30  stm32f4xx_usart.o(.text)
    TIM_DeInit                               0x0800213d   Thumb Code   346  stm32f4xx_tim.o(.text)
    TIM_TimeBaseInit                         0x08002297   Thumb Code   104  stm32f4xx_tim.o(.text)
    TIM_TimeBaseStructInit                   0x080022ff   Thumb Code    18  stm32f4xx_tim.o(.text)
    TIM_PrescalerConfig                      0x08002311   Thumb Code     6  stm32f4xx_tim.o(.text)
    TIM_CounterModeConfig                    0x08002317   Thumb Code    18  stm32f4xx_tim.o(.text)
    TIM_SetCounter                           0x08002329   Thumb Code     4  stm32f4xx_tim.o(.text)
    TIM_SetAutoreload                        0x0800232d   Thumb Code     4  stm32f4xx_tim.o(.text)
    TIM_GetCounter                           0x08002331   Thumb Code     6  stm32f4xx_tim.o(.text)
    TIM_GetPrescaler                         0x08002337   Thumb Code     6  stm32f4xx_tim.o(.text)
    TIM_UpdateDisableConfig                  0x0800233d   Thumb Code    24  stm32f4xx_tim.o(.text)
    TIM_UpdateRequestConfig                  0x08002355   Thumb Code    24  stm32f4xx_tim.o(.text)
    TIM_ARRPreloadConfig                     0x0800236d   Thumb Code    24  stm32f4xx_tim.o(.text)
    TIM_SelectOnePulseMode                   0x08002385   Thumb Code    18  stm32f4xx_tim.o(.text)
    TIM_SetClockDivision                     0x08002397   Thumb Code    18  stm32f4xx_tim.o(.text)
    TIM_Cmd                                  0x080023a9   Thumb Code    24  stm32f4xx_tim.o(.text)
    TIM_OC1Init                              0x080023c1   Thumb Code   114  stm32f4xx_tim.o(.text)
    TIM_OC2Init                              0x08002433   Thumb Code   154  stm32f4xx_tim.o(.text)
    TIM_OC3Init                              0x080024cd   Thumb Code   204  stm32f4xx_tim.o(.text)
    TIM_OC4Init                              0x08002599   Thumb Code   112  stm32f4xx_tim.o(.text)
    TIM_OCStructInit                         0x08002609   Thumb Code    20  stm32f4xx_tim.o(.text)
    TIM_SelectOCxM                           0x0800261d   Thumb Code    86  stm32f4xx_tim.o(.text)
    TIM_SetCompare1                          0x08002673   Thumb Code     4  stm32f4xx_tim.o(.text)
    TIM_SetCompare2                          0x08002677   Thumb Code     4  stm32f4xx_tim.o(.text)
    TIM_SetCompare3                          0x0800267b   Thumb Code     4  stm32f4xx_tim.o(.text)
    TIM_SetCompare4                          0x0800267f   Thumb Code     4  stm32f4xx_tim.o(.text)
    TIM_ForcedOC1Config                      0x08002683   Thumb Code    18  stm32f4xx_tim.o(.text)
    TIM_ForcedOC2Config                      0x08002695   Thumb Code    26  stm32f4xx_tim.o(.text)
    TIM_ForcedOC3Config                      0x080026af   Thumb Code    18  stm32f4xx_tim.o(.text)
    TIM_ForcedOC4Config                      0x080026c1   Thumb Code    26  stm32f4xx_tim.o(.text)
    TIM_OC1PreloadConfig                     0x080026db   Thumb Code    18  stm32f4xx_tim.o(.text)
    TIM_OC2PreloadConfig                     0x080026ed   Thumb Code    26  stm32f4xx_tim.o(.text)
    TIM_OC3PreloadConfig                     0x08002707   Thumb Code    18  stm32f4xx_tim.o(.text)
    TIM_OC4PreloadConfig                     0x08002719   Thumb Code    26  stm32f4xx_tim.o(.text)
    TIM_OC1FastConfig                        0x08002733   Thumb Code    18  stm32f4xx_tim.o(.text)
    TIM_OC2FastConfig                        0x08002745   Thumb Code    26  stm32f4xx_tim.o(.text)
    TIM_OC3FastConfig                        0x0800275f   Thumb Code    18  stm32f4xx_tim.o(.text)
    TIM_OC4FastConfig                        0x08002771   Thumb Code    26  stm32f4xx_tim.o(.text)
    TIM_ClearOC1Ref                          0x0800278b   Thumb Code    18  stm32f4xx_tim.o(.text)
    TIM_ClearOC2Ref                          0x0800279d   Thumb Code    24  stm32f4xx_tim.o(.text)
    TIM_ClearOC3Ref                          0x080027b5   Thumb Code    18  stm32f4xx_tim.o(.text)
    TIM_ClearOC4Ref                          0x080027c7   Thumb Code    24  stm32f4xx_tim.o(.text)
    TIM_OC1PolarityConfig                    0x080027df   Thumb Code    18  stm32f4xx_tim.o(.text)
    TIM_OC1NPolarityConfig                   0x080027f1   Thumb Code    18  stm32f4xx_tim.o(.text)
    TIM_OC2PolarityConfig                    0x08002803   Thumb Code    26  stm32f4xx_tim.o(.text)
    TIM_OC2NPolarityConfig                   0x0800281d   Thumb Code    26  stm32f4xx_tim.o(.text)
    TIM_OC3PolarityConfig                    0x08002837   Thumb Code    26  stm32f4xx_tim.o(.text)
    TIM_OC3NPolarityConfig                   0x08002851   Thumb Code    26  stm32f4xx_tim.o(.text)
    TIM_OC4PolarityConfig                    0x0800286b   Thumb Code    26  stm32f4xx_tim.o(.text)
    TIM_CCxCmd                               0x08002885   Thumb Code    30  stm32f4xx_tim.o(.text)
    TIM_CCxNCmd                              0x080028a3   Thumb Code    30  stm32f4xx_tim.o(.text)
    TIM_SetIC4Prescaler                      0x080028c1   Thumb Code    26  stm32f4xx_tim.o(.text)
    TIM_SetIC3Prescaler                      0x0800292b   Thumb Code    18  stm32f4xx_tim.o(.text)
    TIM_SetIC2Prescaler                      0x08002985   Thumb Code    26  stm32f4xx_tim.o(.text)
    TIM_SetIC1Prescaler                      0x080029f9   Thumb Code    18  stm32f4xx_tim.o(.text)
    TIM_ICInit                               0x08002a45   Thumb Code   110  stm32f4xx_tim.o(.text)
    TIM_ICStructInit                         0x08002ab3   Thumb Code    18  stm32f4xx_tim.o(.text)
    TIM_PWMIConfig                           0x08002ac5   Thumb Code   124  stm32f4xx_tim.o(.text)
    TIM_GetCapture1                          0x08002b41   Thumb Code     6  stm32f4xx_tim.o(.text)
    TIM_GetCapture2                          0x08002b47   Thumb Code     6  stm32f4xx_tim.o(.text)
    TIM_GetCapture3                          0x08002b4d   Thumb Code     6  stm32f4xx_tim.o(.text)
    TIM_GetCapture4                          0x08002b53   Thumb Code     6  stm32f4xx_tim.o(.text)
    TIM_BDTRConfig                           0x08002b59   Thumb Code    32  stm32f4xx_tim.o(.text)
    TIM_BDTRStructInit                       0x08002b79   Thumb Code    18  stm32f4xx_tim.o(.text)
    TIM_CtrlPWMOutputs                       0x08002b8b   Thumb Code    30  stm32f4xx_tim.o(.text)
    TIM_SelectCOM                            0x08002ba9   Thumb Code    24  stm32f4xx_tim.o(.text)
    TIM_CCPreloadControl                     0x08002bc1   Thumb Code    24  stm32f4xx_tim.o(.text)
    TIM_ITConfig                             0x08002bd9   Thumb Code    18  stm32f4xx_tim.o(.text)
    TIM_GenerateEvent                        0x08002beb   Thumb Code     4  stm32f4xx_tim.o(.text)
    TIM_GetFlagStatus                        0x08002bef   Thumb Code    18  stm32f4xx_tim.o(.text)
    TIM_ClearFlag                            0x08002c01   Thumb Code     6  stm32f4xx_tim.o(.text)
    TIM_GetITStatus                          0x08002c07   Thumb Code    34  stm32f4xx_tim.o(.text)
    TIM_ClearITPendingBit                    0x08002c29   Thumb Code     6  stm32f4xx_tim.o(.text)
    TIM_DMAConfig                            0x08002c2f   Thumb Code    10  stm32f4xx_tim.o(.text)
    TIM_DMACmd                               0x08002c39   Thumb Code    18  stm32f4xx_tim.o(.text)
    TIM_SelectCCDMA                          0x08002c4b   Thumb Code    24  stm32f4xx_tim.o(.text)
    TIM_InternalClockConfig                  0x08002c63   Thumb Code    12  stm32f4xx_tim.o(.text)
    TIM_SelectInputTrigger                   0x08002c6f   Thumb Code    18  stm32f4xx_tim.o(.text)
    TIM_ITRxExternalClockConfig              0x08002c81   Thumb Code    24  stm32f4xx_tim.o(.text)
    TIM_TIxExternalClockConfig               0x08002c99   Thumb Code    62  stm32f4xx_tim.o(.text)
    TIM_ETRConfig                            0x08002cd7   Thumb Code    28  stm32f4xx_tim.o(.text)
    TIM_ETRClockMode1Config                  0x08002cf3   Thumb Code    54  stm32f4xx_tim.o(.text)
    TIM_ETRClockMode2Config                  0x08002d29   Thumb Code    32  stm32f4xx_tim.o(.text)
    TIM_SelectOutputTrigger                  0x08002d49   Thumb Code    18  stm32f4xx_tim.o(.text)
    TIM_SelectSlaveMode                      0x08002d5b   Thumb Code    18  stm32f4xx_tim.o(.text)
    TIM_SelectMasterSlaveMode                0x08002d6d   Thumb Code    18  stm32f4xx_tim.o(.text)
    TIM_EncoderInterfaceConfig               0x08002d7f   Thumb Code    66  stm32f4xx_tim.o(.text)
    TIM_SelectHallSensor                     0x08002dc1   Thumb Code    24  stm32f4xx_tim.o(.text)
    TIM_RemapConfig                          0x08002dd9   Thumb Code     6  stm32f4xx_tim.o(.text)
    RCC_DeInit                               0x08002de1   Thumb Code    82  stm32f4xx_rcc.o(.text)
    RCC_HSEConfig                            0x08002e33   Thumb Code    14  stm32f4xx_rcc.o(.text)
    RCC_GetFlagStatus                        0x08002e41   Thumb Code    60  stm32f4xx_rcc.o(.text)
    RCC_WaitForHSEStartUp                    0x08002e7d   Thumb Code    56  stm32f4xx_rcc.o(.text)
    RCC_AdjustHSICalibrationValue            0x08002eb5   Thumb Code    20  stm32f4xx_rcc.o(.text)
    RCC_HSICmd                               0x08002ec9   Thumb Code     6  stm32f4xx_rcc.o(.text)
    RCC_LSEConfig                            0x08002ecf   Thumb Code    46  stm32f4xx_rcc.o(.text)
    RCC_LSICmd                               0x08002efd   Thumb Code     6  stm32f4xx_rcc.o(.text)
    RCC_PLLConfig                            0x08002f03   Thumb Code    32  stm32f4xx_rcc.o(.text)
    RCC_PLLCmd                               0x08002f23   Thumb Code     6  stm32f4xx_rcc.o(.text)
    RCC_PLLI2SConfig                         0x08002f29   Thumb Code    14  stm32f4xx_rcc.o(.text)
    RCC_PLLI2SCmd                            0x08002f37   Thumb Code     6  stm32f4xx_rcc.o(.text)
    RCC_PLLSAIConfig                         0x08002f3d   Thumb Code    20  stm32f4xx_rcc.o(.text)
    RCC_PLLSAICmd                            0x08002f51   Thumb Code     6  stm32f4xx_rcc.o(.text)
    RCC_ClockSecuritySystemCmd               0x08002f57   Thumb Code     6  stm32f4xx_rcc.o(.text)
    RCC_MCO1Config                           0x08002f5d   Thumb Code    28  stm32f4xx_rcc.o(.text)
    RCC_MCO2Config                           0x08002f79   Thumb Code    28  stm32f4xx_rcc.o(.text)
    RCC_SYSCLKConfig                         0x08002f95   Thumb Code    20  stm32f4xx_rcc.o(.text)
    RCC_GetSYSCLKSource                      0x08002fa9   Thumb Code    12  stm32f4xx_rcc.o(.text)
    RCC_HCLKConfig                           0x08002fb5   Thumb Code    20  stm32f4xx_rcc.o(.text)
    RCC_PCLK1Config                          0x08002fc9   Thumb Code    20  stm32f4xx_rcc.o(.text)
    RCC_PCLK2Config                          0x08002fdd   Thumb Code    22  stm32f4xx_rcc.o(.text)
    RCC_GetClocksFreq                        0x08002ff3   Thumb Code   222  stm32f4xx_rcc.o(.text)
    RCC_RTCCLKConfig                         0x080030d1   Thumb Code    54  stm32f4xx_rcc.o(.text)
    RCC_RTCCLKCmd                            0x08003107   Thumb Code     8  stm32f4xx_rcc.o(.text)
    RCC_BackupResetCmd                       0x0800310f   Thumb Code     8  stm32f4xx_rcc.o(.text)
    RCC_I2SCLKConfig                         0x08003117   Thumb Code     6  stm32f4xx_rcc.o(.text)
    RCC_SAIPLLI2SClkDivConfig                0x0800311d   Thumb Code    26  stm32f4xx_rcc.o(.text)
    RCC_SAIPLLSAIClkDivConfig                0x08003137   Thumb Code    28  stm32f4xx_rcc.o(.text)
    RCC_SAIBlockACLKConfig                   0x08003153   Thumb Code    20  stm32f4xx_rcc.o(.text)
    RCC_SAIBlockBCLKConfig                   0x08003167   Thumb Code    20  stm32f4xx_rcc.o(.text)
    RCC_LTDCCLKDivConfig                     0x0800317b   Thumb Code    20  stm32f4xx_rcc.o(.text)
    RCC_TIMCLKPresConfig                     0x0800318f   Thumb Code     6  stm32f4xx_rcc.o(.text)
    RCC_AHB1PeriphClockCmd                   0x08003195   Thumb Code    34  stm32f4xx_rcc.o(.text)
    RCC_AHB2PeriphClockCmd                   0x080031b7   Thumb Code    78  stm32f4xx_rcc.o(.text)
    RCC_AHB3PeriphClockCmd                   0x08003205   Thumb Code    34  stm32f4xx_rcc.o(.text)
    RCC_APB1PeriphClockCmd                   0x08003227   Thumb Code    34  stm32f4xx_rcc.o(.text)
    RCC_APB2PeriphClockCmd                   0x08003249   Thumb Code    34  stm32f4xx_rcc.o(.text)
    RCC_AHB1PeriphResetCmd                   0x0800326b   Thumb Code    34  stm32f4xx_rcc.o(.text)
    RCC_AHB2PeriphResetCmd                   0x0800328d   Thumb Code    34  stm32f4xx_rcc.o(.text)
    RCC_AHB3PeriphResetCmd                   0x080032af   Thumb Code    34  stm32f4xx_rcc.o(.text)
    RCC_APB1PeriphResetCmd                   0x080032d1   Thumb Code    34  stm32f4xx_rcc.o(.text)
    RCC_APB2PeriphResetCmd                   0x080032f3   Thumb Code    34  stm32f4xx_rcc.o(.text)
    RCC_AHB1PeriphClockLPModeCmd             0x08003315   Thumb Code    34  stm32f4xx_rcc.o(.text)
    RCC_AHB2PeriphClockLPModeCmd             0x08003337   Thumb Code    34  stm32f4xx_rcc.o(.text)
    RCC_AHB3PeriphClockLPModeCmd             0x08003359   Thumb Code    34  stm32f4xx_rcc.o(.text)
    RCC_APB1PeriphClockLPModeCmd             0x0800337b   Thumb Code    34  stm32f4xx_rcc.o(.text)
    RCC_APB2PeriphClockLPModeCmd             0x0800339d   Thumb Code    34  stm32f4xx_rcc.o(.text)
    RCC_LSEModeConfig                        0x080033bf   Thumb Code    40  stm32f4xx_rcc.o(.text)
    RCC_ITConfig                             0x080033e7   Thumb Code    34  stm32f4xx_rcc.o(.text)
    RCC_ClearFlag                            0x08003409   Thumb Code    18  stm32f4xx_rcc.o(.text)
    RCC_GetITStatus                          0x0800341b   Thumb Code    22  stm32f4xx_rcc.o(.text)
    RCC_ClearITPendingBit                    0x08003431   Thumb Code     8  stm32f4xx_rcc.o(.text)
    CAN_DeInit                               0x0800343d   Thumb Code    50  stm32f4xx_can.o(.text)
    CAN_Init                                 0x0800346f   Thumb Code   276  stm32f4xx_can.o(.text)
    CAN_FilterInit                           0x08003583   Thumb Code   258  stm32f4xx_can.o(.text)
    CAN_StructInit                           0x08003685   Thumb Code    32  stm32f4xx_can.o(.text)
    CAN_SlaveStartBank                       0x080036a5   Thumb Code    48  stm32f4xx_can.o(.text)
    CAN_DBGFreeze                            0x080036d5   Thumb Code    22  stm32f4xx_can.o(.text)
    CAN_TTComModeCmd                         0x080036eb   Thumb Code   118  stm32f4xx_can.o(.text)
    CAN_Transmit                             0x08003761   Thumb Code   304  stm32f4xx_can.o(.text)
    CAN_TransmitStatus                       0x08003891   Thumb Code   138  stm32f4xx_can.o(.text)
    CAN_CancelTransmit                       0x0800391b   Thumb Code    48  stm32f4xx_can.o(.text)
    CAN_Receive                              0x0800394b   Thumb Code   240  stm32f4xx_can.o(.text)
    CAN_FIFORelease                          0x08003a3b   Thumb Code    22  stm32f4xx_can.o(.text)
    CAN_MessagePending                       0x08003a51   Thumb Code    30  stm32f4xx_can.o(.text)
    CAN_OperatingModeRequest                 0x08003a6f   Thumb Code   162  stm32f4xx_can.o(.text)
    CAN_Sleep                                0x08003b11   Thumb Code    30  stm32f4xx_can.o(.text)
    CAN_WakeUp                               0x08003b2f   Thumb Code    48  stm32f4xx_can.o(.text)
    CAN_GetLastErrorCode                     0x08003b5f   Thumb Code    12  stm32f4xx_can.o(.text)
    CAN_GetReceiveErrorCounter               0x08003b6b   Thumb Code    10  stm32f4xx_can.o(.text)
    CAN_GetLSBTransmitErrorCounter           0x08003b75   Thumb Code    12  stm32f4xx_can.o(.text)
    CAN_ITConfig                             0x08003b81   Thumb Code    18  stm32f4xx_can.o(.text)
    CAN_GetFlagStatus                        0x08003b93   Thumb Code   120  stm32f4xx_can.o(.text)
    CAN_ClearFlag                            0x08003c0b   Thumb Code    52  stm32f4xx_can.o(.text)
    CAN_GetITStatus                          0x08003c51   Thumb Code   310  stm32f4xx_can.o(.text)
    CAN_ClearITPendingBit                    0x08003d87   Thumb Code   162  stm32f4xx_can.o(.text)
    __use_no_semihosting                     0x08003e2d   Thumb Code     2  use_no_semi_2.o(.text)
    __2printf                                0x08003e31   Thumb Code    20  noretval__2printf.o(.text)
    __printf                                 0x08003e49   Thumb Code   104  __printf.o(.text)
    _printf_str                              0x08003eb1   Thumb Code    82  _printf_str.o(.text)
    __use_two_region_memory                  0x08003f03   Thumb Code     2  heapauxi.o(.text)
    __rt_heap_escrow$2region                 0x08003f05   Thumb Code     2  heapauxi.o(.text)
    __rt_heap_expand$2region                 0x08003f07   Thumb Code     2  heapauxi.o(.text)
    __I$use$semihosting                      0x08003f09   Thumb Code     0  use_no_semi.o(.text)
    __use_no_semihosting_swi                 0x08003f09   Thumb Code     2  use_no_semi.o(.text)
    _printf_cs_common                        0x08003f0b   Thumb Code    20  _printf_char.o(.text)
    _printf_char                             0x08003f1f   Thumb Code    16  _printf_char.o(.text)
    _printf_string                           0x08003f2f   Thumb Code     8  _printf_char.o(.text)
    _printf_char_file                        0x08003f39   Thumb Code    32  _printf_char_file.o(.text)
    _printf_char_common                      0x08003f67   Thumb Code    32  _printf_char_common.o(.text)
    ferror                                   0x08003f8d   Thumb Code     8  ferror.o(.text)
    __user_setup_stackheap                   0x08003f95   Thumb Code    74  sys_stackheap_outer.o(.text)
    exit                                     0x08003fdf   Thumb Code    12  exit.o(.text)
    __user_libspace                          0x08003fed   Thumb Code     8  libspace.o(.text)
    __user_perproc_libspace                  0x08003fed   Thumb Code     0  libspace.o(.text)
    __user_perthread_libspace                0x08003fed   Thumb Code     0  libspace.o(.text)
    __aeabi_dadd                             0x08003ff5   Thumb Code     0  daddsub_clz.o(x$fpl$dadd)
    _dadd                                    0x08003ff5   Thumb Code   332  daddsub_clz.o(x$fpl$dadd)
    __aeabi_d2iz                             0x08004145   Thumb Code     0  dfix.o(x$fpl$dfix)
    _dfix                                    0x08004145   Thumb Code    94  dfix.o(x$fpl$dfix)
    __aeabi_d2uiz                            0x080041a5   Thumb Code     0  dfixu.o(x$fpl$dfixu)
    _dfixu                                   0x080041a5   Thumb Code    90  dfixu.o(x$fpl$dfixu)
    __aeabi_i2d                              0x080041ff   Thumb Code     0  dflt_clz.o(x$fpl$dflt)
    _dflt                                    0x080041ff   Thumb Code    46  dflt_clz.o(x$fpl$dflt)
    __aeabi_dmul                             0x0800422d   Thumb Code     0  dmul.o(x$fpl$dmul)
    _dmul                                    0x0800422d   Thumb Code   332  dmul.o(x$fpl$dmul)
    __fpl_dnaninf                            0x08004381   Thumb Code   156  dnaninf.o(x$fpl$dnaninf)
    __fpl_dretinf                            0x0800441d   Thumb Code    12  dretinf.o(x$fpl$dretinf)
    __aeabi_dsub                             0x08004429   Thumb Code     0  daddsub_clz.o(x$fpl$dsub)
    _dsub                                    0x08004429   Thumb Code   464  daddsub_clz.o(x$fpl$dsub)
    _fp_init                                 0x080045fd   Thumb Code    10  fpinit.o(x$fpl$fpinit)
    __fplib_config_fpu_vfp                   0x08004605   Thumb Code     0  fpinit.o(x$fpl$fpinit)
    __fplib_config_pureend_doubles           0x08004605   Thumb Code     0  fpinit.o(x$fpl$fpinit)
    __I$use$fp                               0x08004606   Number         0  usenofp.o(x$fpl$usenofp)
    Region$$Table$$Base                      0x08004608   Number         0  anon$$obj.o(Region$$Table)
    Region$$Table$$Limit                     0x08004628   Number         0  anon$$obj.o(Region$$Table)
    signal                                   0x20000000   Data           8  main.o(.data)
    SystemCoreClock                          0x20000008   Data           4  system_stm32f4xx.o(.data)
    AHBPrescTable                            0x2000000c   Data          16  system_stm32f4xx.o(.data)
    TIM4CH1_CAPTURE_STA                      0x2000001c   Data           1  icapture.o(.data)
    TIM4CH2_CAPTURE_STA                      0x2000001d   Data           1  icapture.o(.data)
    TIM4CH3_CAPTURE_STA                      0x2000001e   Data           1  icapture.o(.data)
    TIM4CH4_CAPTURE_STA                      0x2000001f   Data           1  icapture.o(.data)
    TIM4CH1_CAPTURE_VAL                      0x20000020   Data           4  icapture.o(.data)
    TIM4CH2_CAPTURE_VAL                      0x20000024   Data           4  icapture.o(.data)
    TIM4CH3_CAPTURE_VAL                      0x20000028   Data           4  icapture.o(.data)
    TIM4CH4_CAPTURE_VAL                      0x2000002c   Data           4  icapture.o(.data)
    can_tx_success_flag                      0x20000038   Data           1  can1.o(.data)
    Real_Current_Value                       0x2000003a   Data           8  can1.o(.data)
    Real_Velocity_Value                      0x20000042   Data           8  can1.o(.data)
    Real_Online                              0x2000004a   Data           4  can1.o(.data)
    Real_Ctl1_Value                          0x2000004e   Data           4  can1.o(.data)
    Real_Ctl2_Value                          0x20000052   Data           4  can1.o(.data)
    __stdout                                 0x2000005c   Data           4  usart.o(.data)
    USART_RX_STA                             0x20000060   Data           2  usart.o(.data)
    Uart1_Rx                                 0x20000064   Data           4  usart.o(.data)
    Real_Position_Value                      0x20000078   Data          16  can1.o(.bss)
    USART_RX_BUF                             0x20000088   Data         200  usart.o(.bss)
    Uart1_Buffer                             0x20000150   Data          40  usart.o(.bss)
    __libspace_start                         0x20000178   Data          96  libspace.o(.bss)
    __temporary_stack_top$libspace           0x200001d8   Data           0  libspace.o(.bss)



==============================================================================

Memory Map of the image

  Image Entry point : 0x08000189

  Load Region LR_IROM1 (Base: 0x08000000, Size: 0x000046a0, Max: 0x00100000, ABSOLUTE)

    Execution Region ER_IROM1 (Base: 0x08000000, Size: 0x00004628, Max: 0x00100000, ABSOLUTE)

    Base Addr    Size         Type   Attr      Idx    E Section Name        Object

    0x08000000   0x00000188   Data   RO          401    RESET               startup_stm32f40_41xxx.o
    0x08000188   0x00000008   Code   RO          584  * !!!main             c_w.l(__main.o)
    0x08000190   0x00000034   Code   RO          778    !!!scatter          c_w.l(__scatter.o)
    0x080001c4   0x0000001a   Code   RO          780    !!handler_copy      c_w.l(__scatter_copy.o)
    0x080001de   0x00000002   PAD
    0x080001e0   0x0000001c   Code   RO          782    !!handler_zi        c_w.l(__scatter_zi.o)
    0x080001fc   0x00000000   Code   RO          581    .ARM.Collect$$_printf_percent$$00000000  c_w.l(_printf_percent.o)
    0x080001fc   0x00000006   Code   RO          580    .ARM.Collect$$_printf_percent$$00000014  c_w.l(_printf_s.o)
    0x08000202   0x00000004   Code   RO          615    .ARM.Collect$$_printf_percent$$00000017  c_w.l(_printf_percent_end.o)
    0x08000206   0x00000002   Code   RO          653    .ARM.Collect$$libinit$$00000000  c_w.l(libinit.o)
    0x08000208   0x00000004   Code   RO          659    .ARM.Collect$$libinit$$00000001  c_w.l(libinit2.o)
    0x0800020c   0x00000000   Code   RO          662    .ARM.Collect$$libinit$$00000004  c_w.l(libinit2.o)
    0x0800020c   0x00000000   Code   RO          665    .ARM.Collect$$libinit$$0000000A  c_w.l(libinit2.o)
    0x0800020c   0x00000000   Code   RO          667    .ARM.Collect$$libinit$$0000000C  c_w.l(libinit2.o)
    0x0800020c   0x00000000   Code   RO          669    .ARM.Collect$$libinit$$0000000E  c_w.l(libinit2.o)
    0x0800020c   0x00000000   Code   RO          672    .ARM.Collect$$libinit$$00000011  c_w.l(libinit2.o)
    0x0800020c   0x00000000   Code   RO          674    .ARM.Collect$$libinit$$00000013  c_w.l(libinit2.o)
    0x0800020c   0x00000000   Code   RO          676    .ARM.Collect$$libinit$$00000015  c_w.l(libinit2.o)
    0x0800020c   0x00000000   Code   RO          678    .ARM.Collect$$libinit$$00000017  c_w.l(libinit2.o)
    0x0800020c   0x00000000   Code   RO          680    .ARM.Collect$$libinit$$00000019  c_w.l(libinit2.o)
    0x0800020c   0x00000000   Code   RO          682    .ARM.Collect$$libinit$$0000001B  c_w.l(libinit2.o)
    0x0800020c   0x00000000   Code   RO          684    .ARM.Collect$$libinit$$0000001D  c_w.l(libinit2.o)
    0x0800020c   0x00000000   Code   RO          686    .ARM.Collect$$libinit$$0000001F  c_w.l(libinit2.o)
    0x0800020c   0x00000000   Code   RO          688    .ARM.Collect$$libinit$$00000021  c_w.l(libinit2.o)
    0x0800020c   0x00000000   Code   RO          690    .ARM.Collect$$libinit$$00000023  c_w.l(libinit2.o)
    0x0800020c   0x00000000   Code   RO          692    .ARM.Collect$$libinit$$00000025  c_w.l(libinit2.o)
    0x0800020c   0x00000000   Code   RO          696    .ARM.Collect$$libinit$$0000002C  c_w.l(libinit2.o)
    0x0800020c   0x00000000   Code   RO          698    .ARM.Collect$$libinit$$0000002E  c_w.l(libinit2.o)
    0x0800020c   0x00000000   Code   RO          700    .ARM.Collect$$libinit$$00000030  c_w.l(libinit2.o)
    0x0800020c   0x00000000   Code   RO          702    .ARM.Collect$$libinit$$00000032  c_w.l(libinit2.o)
    0x0800020c   0x00000002   Code   RO          703    .ARM.Collect$$libinit$$00000033  c_w.l(libinit2.o)
    0x0800020e   0x00000002   Code   RO          721    .ARM.Collect$$libshutdown$$00000000  c_w.l(libshutdown.o)
    0x08000210   0x00000000   Code   RO          732    .ARM.Collect$$libshutdown$$00000003  c_w.l(libshutdown2.o)
    0x08000210   0x00000000   Code   RO          735    .ARM.Collect$$libshutdown$$00000006  c_w.l(libshutdown2.o)
    0x08000210   0x00000000   Code   RO          738    .ARM.Collect$$libshutdown$$00000009  c_w.l(libshutdown2.o)
    0x08000210   0x00000000   Code   RO          740    .ARM.Collect$$libshutdown$$0000000B  c_w.l(libshutdown2.o)
    0x08000210   0x00000000   Code   RO          743    .ARM.Collect$$libshutdown$$0000000E  c_w.l(libshutdown2.o)
    0x08000210   0x00000002   Code   RO          744    .ARM.Collect$$libshutdown$$0000000F  c_w.l(libshutdown2.o)
    0x08000212   0x00000000   Code   RO          610    .ARM.Collect$$rtentry$$00000000  c_w.l(__rtentry.o)
    0x08000212   0x00000000   Code   RO          622    .ARM.Collect$$rtentry$$00000002  c_w.l(__rtentry2.o)
    0x08000212   0x00000006   Code   RO          634    .ARM.Collect$$rtentry$$00000004  c_w.l(__rtentry4.o)
    0x08000218   0x00000000   Code   RO          624    .ARM.Collect$$rtentry$$00000009  c_w.l(__rtentry2.o)
    0x08000218   0x00000004   Code   RO          625    .ARM.Collect$$rtentry$$0000000A  c_w.l(__rtentry2.o)
    0x0800021c   0x00000000   Code   RO          627    .ARM.Collect$$rtentry$$0000000C  c_w.l(__rtentry2.o)
    0x0800021c   0x00000008   Code   RO          628    .ARM.Collect$$rtentry$$0000000D  c_w.l(__rtentry2.o)
    0x08000224   0x00000002   Code   RO          657    .ARM.Collect$$rtexit$$00000000  c_w.l(rtexit.o)
    0x08000226   0x00000000   Code   RO          705    .ARM.Collect$$rtexit$$00000002  c_w.l(rtexit2.o)
    0x08000226   0x00000004   Code   RO          706    .ARM.Collect$$rtexit$$00000003  c_w.l(rtexit2.o)
    0x0800022a   0x00000006   Code   RO          707    .ARM.Collect$$rtexit$$00000004  c_w.l(rtexit2.o)
    0x08000230   0x000001c4   Code   RO            3    .text               main.o
    0x080003f4   0x0000001a   Code   RO          165    .text               stm32f4xx_it.o
    0x0800040e   0x00000002   PAD
    0x08000410   0x00000210   Code   RO          214    .text               system_stm32f4xx.o
    0x08000620   0x00000088   Code   RO          240    .text               led.o
    0x080006a8   0x00000140   Code   RO          260    .text               pwm.o
    0x080007e8   0x000004fc   Code   RO          280    .text               icapture.o
    0x08000ce4   0x00000a00   Code   RO          303    .text               can1.o
    0x080016e4   0x00000104   Code   RO          330    .text               delay.o
    0x080017e8   0x0000014c   Code   RO          370    .text               usart.o
    0x08001934   0x00000040   Code   RO          402    .text               startup_stm32f40_41xxx.o
    0x08001974   0x000000e0   Code   RO          408    .text               misc.o
    0x08001a54   0x00000294   Code   RO          428    .text               stm32f4xx_gpio.o
    0x08001ce8   0x00000454   Code   RO          448    .text               stm32f4xx_usart.o
    0x0800213c   0x00000ca2   Code   RO          468    .text               stm32f4xx_tim.o
    0x08002dde   0x00000002   PAD
    0x08002de0   0x0000065c   Code   RO          508    .text               stm32f4xx_rcc.o
    0x0800343c   0x000009f0   Code   RO          530    .text               stm32f4xx_can.o
    0x08003e2c   0x00000002   Code   RO          550    .text               c_w.l(use_no_semi_2.o)
    0x08003e2e   0x00000002   PAD
    0x08003e30   0x00000018   Code   RO          554    .text               c_w.l(noretval__2printf.o)
    0x08003e48   0x00000068   Code   RO          556    .text               c_w.l(__printf.o)
    0x08003eb0   0x00000052   Code   RO          558    .text               c_w.l(_printf_str.o)
    0x08003f02   0x00000006   Code   RO          582    .text               c_w.l(heapauxi.o)
    0x08003f08   0x00000002   Code   RO          608    .text               c_w.l(use_no_semi.o)
    0x08003f0a   0x0000002c   Code   RO          611    .text               c_w.l(_printf_char.o)
    0x08003f36   0x00000002   PAD
    0x08003f38   0x00000024   Code   RO          613    .text               c_w.l(_printf_char_file.o)
    0x08003f5c   0x00000030   Code   RO          636    .text               c_w.l(_printf_char_common.o)
    0x08003f8c   0x00000008   Code   RO          638    .text               c_w.l(ferror.o)
    0x08003f94   0x0000004a   Code   RO          642    .text               c_w.l(sys_stackheap_outer.o)
    0x08003fde   0x0000000c   Code   RO          646    .text               c_w.l(exit.o)
    0x08003fea   0x00000002   PAD
    0x08003fec   0x00000008   Code   RO          654    .text               c_w.l(libspace.o)
    0x08003ff4   0x00000150   Code   RO          586    x$fpl$dadd          fz_wm.l(daddsub_clz.o)
    0x08004144   0x0000005e   Code   RO          592    x$fpl$dfix          fz_wm.l(dfix.o)
    0x080041a2   0x00000002   PAD
    0x080041a4   0x0000005a   Code   RO          596    x$fpl$dfixu         fz_wm.l(dfixu.o)
    0x080041fe   0x0000002e   Code   RO          601    x$fpl$dflt          fz_wm.l(dflt_clz.o)
    0x0800422c   0x00000154   Code   RO          606    x$fpl$dmul          fz_wm.l(dmul.o)
    0x08004380   0x0000009c   Code   RO          616    x$fpl$dnaninf       fz_wm.l(dnaninf.o)
    0x0800441c   0x0000000c   Code   RO          618    x$fpl$dretinf       fz_wm.l(dretinf.o)
    0x08004428   0x000001d4   Code   RO          588    x$fpl$dsub          fz_wm.l(daddsub_clz.o)
    0x080045fc   0x0000000a   Code   RO          713    x$fpl$fpinit        fz_wm.l(fpinit.o)
    0x08004606   0x00000000   Code   RO          620    x$fpl$usenofp       fz_wm.l(usenofp.o)
    0x08004606   0x00000002   PAD
    0x08004608   0x00000020   Data   RO          776    Region$$Table       anon$$obj.o


    Execution Region RW_IRAM1 (Base: 0x20000000, Size: 0x000007d8, Max: 0x00020000, ABSOLUTE)

    Base Addr    Size         Type   Attr      Idx    E Section Name        Object

    0x20000000   0x00000008   Data   RW            4    .data               main.o
    0x20000008   0x00000014   Data   RW          215    .data               system_stm32f4xx.o
    0x2000001c   0x0000001c   Data   RW          281    .data               icapture.o
    0x20000038   0x0000001e   Data   RW          305    .data               can1.o
    0x20000056   0x00000004   Data   RW          331    .data               delay.o
    0x2000005a   0x00000002   PAD
    0x2000005c   0x0000000c   Data   RW          372    .data               usart.o
    0x20000068   0x00000010   Data   RW          509    .data               stm32f4xx_rcc.o
    0x20000078   0x00000010   Zero   RW          304    .bss                can1.o
    0x20000088   0x000000f0   Zero   RW          371    .bss                usart.o
    0x20000178   0x00000060   Zero   RW          655    .bss                c_w.l(libspace.o)
    0x200001d8   0x00000200   Zero   RW          400    HEAP                startup_stm32f40_41xxx.o
    0x200003d8   0x00000400   Zero   RW          399    STACK               startup_stm32f40_41xxx.o


==============================================================================

Image component sizes


      Code (inc. data)   RO Data    RW Data    ZI Data      Debug   Object Name

      2560         54          0         30         16       8824   can1.o
       260          8          0          4          0       1465   delay.o
      1276         52          0         28          0       2892   icapture.o
       136          8          0          0          0        973   led.o
       452         64          0          8          0     291413   main.o
       224         20          0          0          0       1849   misc.o
       320         18          0          0          0       1163   pwm.o
        64         26        392          0       1536        840   startup_stm32f40_41xxx.o
      2544         38          0          0          0       8000   stm32f4xx_can.o
       660         44          0          0          0       4125   stm32f4xx_gpio.o
        26          0          0          0          0       1238   stm32f4xx_it.o
      1628         52          0         16          0      12928   stm32f4xx_rcc.o
      3234         60          0          0          0      22328   stm32f4xx_tim.o
      1108         34          0          0          0       7824   stm32f4xx_usart.o
       528         46          0         20          0       1823   system_stm32f4xx.o
       332         26          0         12        240       3464   usart.o

    ----------------------------------------------------------------------
     15356        550        424        120       1792     371149   Object Totals
         0          0         32          0          0          0   (incl. Generated)
         4          0          0          2          0          0   (incl. Padding)

    ----------------------------------------------------------------------

      Code (inc. data)   RO Data    RW Data    ZI Data      Debug   Library Member Name

         8          0          0          0          0         68   __main.o
       104          0          0          0          0         84   __printf.o
         0          0          0          0          0          0   __rtentry.o
        12          0          0          0          0          0   __rtentry2.o
         6          0          0          0          0          0   __rtentry4.o
        52          8          0          0          0          0   __scatter.o
        26          0          0          0          0          0   __scatter_copy.o
        28          0          0          0          0          0   __scatter_zi.o
        44          0          0          0          0        108   _printf_char.o
        48          6          0          0          0         96   _printf_char_common.o
        36          4          0          0          0         80   _printf_char_file.o
         0          0          0          0          0          0   _printf_percent.o
         4          0          0          0          0          0   _printf_percent_end.o
         6          0          0          0          0          0   _printf_s.o
        82          0          0          0          0         80   _printf_str.o
        12          0          0          0          0         72   exit.o
         8          0          0          0          0         68   ferror.o
         6          0          0          0          0        152   heapauxi.o
         2          0          0          0          0          0   libinit.o
         6          0          0          0          0          0   libinit2.o
         2          0          0          0          0          0   libshutdown.o
         2          0          0          0          0          0   libshutdown2.o
         8          4          0          0         96         68   libspace.o
        24          4          0          0          0         84   noretval__2printf.o
         2          0          0          0          0          0   rtexit.o
        10          0          0          0          0          0   rtexit2.o
        74          0          0          0          0         80   sys_stackheap_outer.o
         2          0          0          0          0         68   use_no_semi.o
         2          0          0          0          0         68   use_no_semi_2.o
       804         16          0          0          0        368   daddsub_clz.o
        94          4          0          0          0        140   dfix.o
        90          4          0          0          0        140   dfixu.o
        46          0          0          0          0        116   dflt_clz.o
       340         12          0          0          0        152   dmul.o
       156          4          0          0          0        140   dnaninf.o
        12          0          0          0          0        116   dretinf.o
        10          0          0          0          0        116   fpinit.o
         0          0          0          0          0          0   usenofp.o

    ----------------------------------------------------------------------
      2180         66          0          0         96       2464   Library Totals
        12          0          0          0          0          0   (incl. Padding)

    ----------------------------------------------------------------------

      Code (inc. data)   RO Data    RW Data    ZI Data      Debug   Library Name

       616         26          0          0         96       1176   c_w.l
      1552         40          0          0          0       1288   fz_wm.l

    ----------------------------------------------------------------------
      2180         66          0          0         96       2464   Library Totals

    ----------------------------------------------------------------------

==============================================================================


      Code (inc. data)   RO Data    RW Data    ZI Data      Debug   

     17536        616        424        120       1888     369193   Grand Totals
     17536        616        424        120       1888     369193   ELF Image Totals
     17536        616        424        120          0          0   ROM Totals

==============================================================================

    Total RO  Size (Code + RO Data)                17960 (  17.54kB)
    Total RW  Size (RW Data + ZI Data)              2008 (   1.96kB)
    Total ROM Size (Code + RO Data + RW Data)      18080 (  17.66kB)

==============================================================================

